Archive member included to satisfy reference by file (symbol)

c:/program files/stm32cubeide_1.11.0/stm32cubeide/plugins/com.st.stm32cube.ide.mcu.externaltools.gnu-tools-for-stm32.10.3-2021.10.win32_1.0.100.202210260954/tools/bin/../lib/gcc/arm-none-eabi/10.3.1/../../../../arm-none-eabi/lib/thumb/v7e-m+fp/hard\libc_nano.a(lib_a-errno.o)
                              ./Core/Src/syscalls.o (__errno)
c:/program files/stm32cubeide_1.11.0/stm32cubeide/plugins/com.st.stm32cube.ide.mcu.externaltools.gnu-tools-for-stm32.10.3-2021.10.win32_1.0.100.202210260954/tools/bin/../lib/gcc/arm-none-eabi/10.3.1/../../../../arm-none-eabi/lib/thumb/v7e-m+fp/hard\libc_nano.a(lib_a-exit.o)
                              c:/program files/stm32cubeide_1.11.0/stm32cubeide/plugins/com.st.stm32cube.ide.mcu.externaltools.gnu-tools-for-stm32.10.3-2021.10.win32_1.0.100.202210260954/tools/bin/../lib/gcc/arm-none-eabi/10.3.1/../../../../arm-none-eabi/lib/thumb/v7e-m+fp/hard/crt0.o (exit)
c:/program files/stm32cubeide_1.11.0/stm32cubeide/plugins/com.st.stm32cube.ide.mcu.externaltools.gnu-tools-for-stm32.10.3-2021.10.win32_1.0.100.202210260954/tools/bin/../lib/gcc/arm-none-eabi/10.3.1/../../../../arm-none-eabi/lib/thumb/v7e-m+fp/hard\libc_nano.a(lib_a-impure.o)
                              c:/program files/stm32cubeide_1.11.0/stm32cubeide/plugins/com.st.stm32cube.ide.mcu.externaltools.gnu-tools-for-stm32.10.3-2021.10.win32_1.0.100.202210260954/tools/bin/../lib/gcc/arm-none-eabi/10.3.1/../../../../arm-none-eabi/lib/thumb/v7e-m+fp/hard\libc_nano.a(lib_a-exit.o) (_global_impure_ptr)
c:/program files/stm32cubeide_1.11.0/stm32cubeide/plugins/com.st.stm32cube.ide.mcu.externaltools.gnu-tools-for-stm32.10.3-2021.10.win32_1.0.100.202210260954/tools/bin/../lib/gcc/arm-none-eabi/10.3.1/../../../../arm-none-eabi/lib/thumb/v7e-m+fp/hard\libc_nano.a(lib_a-init.o)
                              c:/program files/stm32cubeide_1.11.0/stm32cubeide/plugins/com.st.stm32cube.ide.mcu.externaltools.gnu-tools-for-stm32.10.3-2021.10.win32_1.0.100.202210260954/tools/bin/../lib/gcc/arm-none-eabi/10.3.1/../../../../arm-none-eabi/lib/thumb/v7e-m+fp/hard/crt0.o (__libc_init_array)
c:/program files/stm32cubeide_1.11.0/stm32cubeide/plugins/com.st.stm32cube.ide.mcu.externaltools.gnu-tools-for-stm32.10.3-2021.10.win32_1.0.100.202210260954/tools/bin/../lib/gcc/arm-none-eabi/10.3.1/../../../../arm-none-eabi/lib/thumb/v7e-m+fp/hard\libc_nano.a(lib_a-memset.o)
                              c:/program files/stm32cubeide_1.11.0/stm32cubeide/plugins/com.st.stm32cube.ide.mcu.externaltools.gnu-tools-for-stm32.10.3-2021.10.win32_1.0.100.202210260954/tools/bin/../lib/gcc/arm-none-eabi/10.3.1/../../../../arm-none-eabi/lib/thumb/v7e-m+fp/hard/crt0.o (memset)
c:/program files/stm32cubeide_1.11.0/stm32cubeide/plugins/com.st.stm32cube.ide.mcu.externaltools.gnu-tools-for-stm32.10.3-2021.10.win32_1.0.100.202210260954/tools/bin/../lib/gcc/arm-none-eabi/10.3.1/../../../../arm-none-eabi/lib/thumb/v7e-m+fp/hard\libc_nano.a(lib_a-sprintf.o)
                              ./Core/Src/main.o (sprintf)
c:/program files/stm32cubeide_1.11.0/stm32cubeide/plugins/com.st.stm32cube.ide.mcu.externaltools.gnu-tools-for-stm32.10.3-2021.10.win32_1.0.100.202210260954/tools/bin/../lib/gcc/arm-none-eabi/10.3.1/../../../../arm-none-eabi/lib/thumb/v7e-m+fp/hard\libc_nano.a(lib_a-strlen.o)
                              ./Core/Src/main.o (strlen)
c:/program files/stm32cubeide_1.11.0/stm32cubeide/plugins/com.st.stm32cube.ide.mcu.externaltools.gnu-tools-for-stm32.10.3-2021.10.win32_1.0.100.202210260954/tools/bin/../lib/gcc/arm-none-eabi/10.3.1/../../../../arm-none-eabi/lib/thumb/v7e-m+fp/hard\libc_nano.a(lib_a-nano-svfprintf.o)
                              c:/program files/stm32cubeide_1.11.0/stm32cubeide/plugins/com.st.stm32cube.ide.mcu.externaltools.gnu-tools-for-stm32.10.3-2021.10.win32_1.0.100.202210260954/tools/bin/../lib/gcc/arm-none-eabi/10.3.1/../../../../arm-none-eabi/lib/thumb/v7e-m+fp/hard\libc_nano.a(lib_a-sprintf.o) (_svfprintf_r)
c:/program files/stm32cubeide_1.11.0/stm32cubeide/plugins/com.st.stm32cube.ide.mcu.externaltools.gnu-tools-for-stm32.10.3-2021.10.win32_1.0.100.202210260954/tools/bin/../lib/gcc/arm-none-eabi/10.3.1/../../../../arm-none-eabi/lib/thumb/v7e-m+fp/hard\libc_nano.a(lib_a-nano-vfprintf_i.o)
                              c:/program files/stm32cubeide_1.11.0/stm32cubeide/plugins/com.st.stm32cube.ide.mcu.externaltools.gnu-tools-for-stm32.10.3-2021.10.win32_1.0.100.202210260954/tools/bin/../lib/gcc/arm-none-eabi/10.3.1/../../../../arm-none-eabi/lib/thumb/v7e-m+fp/hard\libc_nano.a(lib_a-nano-svfprintf.o) (_printf_i)
c:/program files/stm32cubeide_1.11.0/stm32cubeide/plugins/com.st.stm32cube.ide.mcu.externaltools.gnu-tools-for-stm32.10.3-2021.10.win32_1.0.100.202210260954/tools/bin/../lib/gcc/arm-none-eabi/10.3.1/../../../../arm-none-eabi/lib/thumb/v7e-m+fp/hard\libc_nano.a(lib_a-memchr.o)
[...]
Memory Configuration

Name             Origin             Length             Attributes
CCMRAM           0x0000000010000000 0x0000000000010000 xrw
RAM              0x0000000020000000 0x0000000000020000 xrw
FLASH            0x0000000008000000 0x0000000000100000 xr
*default*        0x0000000000000000 0xffffffffffffffff

Linker script and memory map

LOAD c:/program files/stm32cubeide_1.11.0/stm32cubeide/plugins/com.st.stm32cube.ide.mcu.externaltools.gnu-tools-for-stm32.10.3-2021.10.win32_1.0.100.202210260954/tools/bin/../lib/gcc/arm-none-eabi/10.3.1/thumb/v7e-m+fp/hard/crti.o
LOAD c:/program files/stm32cubeide_1.11.0/stm32cubeide/plugins/com.st.stm32cube.ide.mcu.externaltools.gnu-tools-for-stm32.10.3-2021.10.win32_1.0.100.202210260954/tools/bin/../lib/gcc/arm-none-eabi/10.3.1/thumb/v7e-m+fp/hard/crtbegin.o
LOAD c:/program files/stm32cubeide_1.11.0/stm32cubeide/plugins/com.st.stm32cube.ide.mcu.externaltools.gnu-tools-for-stm32.10.3-2021.10.win32_1.0.100.202210260954/tools/bin/../lib/gcc/arm-none-eabi/10.3.1/../../../../arm-none-eabi/lib/thumb/v7e-m+fp/hard/crt0.o
LOAD ./Core/Src/fatfs_sd.o
LOAD ./Core/Src/main.o
LOAD ./Core/Src/stm32f4xx_hal_msp.o
LOAD ./Core/Src/stm32f4xx_it.o
LOAD ./Core/Src/syscalls.o
LOAD ./Core/Src/sysmem.o
LOAD ./Core/Src/system_stm32f4xx.o
LOAD ./Core/Src/user_diskio.o
LOAD ./Core/Startup/startup_stm32f407vgtx.o
LOAD ./Drivers/STM32F4xx_HAL_Driver/Src/stm32f4xx_hal.o
LOAD ./Drivers/STM32F4xx_HAL_Driver/Src/stm32f4xx_hal_cortex.o
LOAD ./Drivers/STM32F4xx_HAL_Driver/Src/stm32f4xx_hal_dma.o
LOAD ./Drivers/STM32F4xx_HAL_Driver/Src/stm32f4xx_hal_dma_ex.o
LOAD ./Drivers/STM32F4xx_HAL_Driver/Src/stm32f4xx_hal_exti.o
LOAD ./Drivers/STM32F4xx_HAL_Driver/Src/stm32f4xx_hal_flash.o
LOAD ./Drivers/STM32F4xx_HAL_Driver/Src/stm32f4xx_hal_flash_ex.o
LOAD ./Drivers/STM32F4xx_HAL_Driver/Src/stm32f4xx_hal_flash_ramfunc.o
LOAD ./Drivers/STM32F4xx_HAL_Driver/Src/stm32f4xx_hal_gpio.o
LOAD ./Drivers/STM32F4xx_HAL_Driver/Src/stm32f4xx_hal_pwr.o
LOAD ./Drivers/STM32F4xx_HAL_Driver/Src/stm32f4xx_hal_pwr_ex.o
LOAD ./Drivers/STM32F4xx_HAL_Driver/Src/stm32f4xx_hal_rcc.o
LOAD ./Drivers/STM32F4xx_HAL_Driver/Src/stm32f4xx_hal_rcc_ex.o
LOAD ./Drivers/STM32F4xx_HAL_Driver/Src/stm32f4xx_hal_spi.o
LOAD ./Drivers/STM32F4xx_HAL_Driver/Src/stm32f4xx_hal_tim.o
LOAD ./Drivers/STM32F4xx_HAL_Driver/Src/stm32f4xx_hal_tim_ex.o
LOAD ./Drivers/STM32F4xx_HAL_Driver/Src/stm32f4xx_hal_uart.o
LOAD ./FATFS/App/fatfs.o
LOAD ./Middlewares/Third_Party/FatFs/src/diskio.o
LOAD ./Middlewares/Third_Party/FatFs/src/ff.o
LOAD ./Middlewares/Third_Party/FatFs/src/ff_gen_drv.o
LOAD ./Middlewares/Third_Party/FatFs/src/option/syscall.o
START GROUP
LOAD c:/program files/stm32cubeide_1.11.0/stm32cubeide/plugins/com.st.stm32cube.ide.mcu.externaltools.gnu-tools-for-stm32.10.3-2021.10.win32_1.0.100.202210260954/tools/bin/../lib/gcc/arm-none-eabi/10.3.1/../../../../arm-none-eabi/lib/thumb/v7e-m+fp/hard\libc_nano.a
LOAD c:/program files/stm32cubeide_1.11.0/stm32cubeide/plugins/com.st.stm32cube.ide.mcu.externaltools.gnu-tools-for-stm32.10.3-2021.10.win32_1.0.100.202210260954/tools/bin/../lib/gcc/arm-none-eabi/10.3.1/../../../../arm-none-eabi/lib/thumb/v7e-m+fp/hard\libm.a
END GROUP
START GROUP
LOAD c:/program files/stm32cubeide_1.11.0/stm32cubeide/plugins/com.st.stm32cube.ide.mcu.externaltools.gnu-tools-for-stm32.10.3-2021.10.win32_1.0.100.202210260954/tools/bin/../lib/gcc/arm-none-eabi/10.3.1/thumb/v7e-m+fp/hard\libgcc.a
LOAD c:/program files/stm32cubeide_1.11.0/stm32cubeide/plugins/com.st.stm32cube.ide.mcu.externaltools.gnu-tools-for-stm32.10.3-2021.10.win32_1.0.100.202210260954/tools/bin/../lib/gcc/arm-none-eabi/10.3.1/../../../../arm-none-eabi/lib/thumb/v7e-m+fp/hard\libc_nano.a
END GROUP
START GROUP
LOAD c:/program files/stm32cubeide_1.11.0/stm32cubeide/plugins/com.st.stm32cube.ide.mcu.externaltools.gnu-tools-for-stm32.10.3-2021.10.win32_1.0.100.202210260954/tools/bin/../lib/gcc/arm-none-eabi/10.3.1/thumb/v7e-m+fp/hard\libgcc.a
LOAD c:/program files/stm32cubeide_1.11.0/stm32cubeide/plugins/com.st.stm32cube.ide.mcu.externaltools.gnu-tools-for-stm32.10.3-2021.10.win32_1.0.100.202210260954/tools/bin/../lib/gcc/arm-none-eabi/10.3.1/../../../../arm-none-eabi/lib/thumb/v7e-m+fp/hard\libc_nano.a
LOAD c:/program files/stm32cubeide_1.11.0/stm32cubeide/plugins/com.st.stm32cube.ide.mcu.externaltools.gnu-tools-for-stm32.10.3-2021.10.win32_1.0.100.202210260954/tools/bin/../lib/gcc/arm-none-eabi/10.3.1/../../../../arm-none-eabi/lib/thumb/v7e-m+fp/hard\libnosys.a
END GROUP
START GROUP
LOAD c:/program files/stm32cubeide_1.11.0/stm32cubeide/plugins/com.st.stm32cube.ide.mcu.externaltools.gnu-tools-for-stm32.10.3-2021.10.win32_1.0.100.202210260954/tools/bin/../lib/gcc/arm-none-eabi/10.3.1/thumb/v7e-m+fp/hard\libgcc.a
LOAD c:/program files/stm32cubeide_1.11.0/stm32cubeide/plugins/com.st.stm32cube.ide.mcu.externaltools.gnu-tools-for-stm32.10.3-2021.10.win32_1.0.100.202210260954/tools/bin/../lib/gcc/arm-none-eabi/10.3.1/../../../../arm-none-eabi/lib/thumb/v7e-m+fp/hard\libc_nano.a
LOAD c:/program files/stm32cubeide_1.11.0/stm32cubeide/plugins/com.st.stm32cube.ide.mcu.externaltools.gnu-tools-for-stm32.10.3-2021.10.win32_1.0.100.202210260954/tools/bin/../lib/gcc/arm-none-eabi/10.3.1/../../../../arm-none-eabi/lib/thumb/v7e-m+fp/hard\libnosys.a
END GROUP
LOAD c:/program files/stm32cubeide_1.11.0/stm32cubeide/plugins/com.st.stm32cube.ide.mcu.externaltools.gnu-tools-for-stm32.10.3-2021.10.win32_1.0.100.202210260954/tools/bin/../lib/gcc/arm-none-eabi/10.3.1/thumb/v7e-m+fp/hard/crtend.o
LOAD c:/program files/stm32cubeide_1.11.0/stm32cubeide/plugins/com.st.stm32cube.ide.mcu.externaltools.gnu-tools-for-stm32.10.3-2021.10.win32_1.0.100.202210260954/tools/bin/../lib/gcc/arm-none-eabi/10.3.1/thumb/v7e-m+fp/hard/crtn.o
                0x0000000020020000                _estack = (ORIGIN (RAM) + LENGTH (RAM))
                0x0000000000000200                _Min_Heap_Size = 0x200
                0x0000000000000400                _Min_Stack_Size = 0x400

.isr_vector     0x0000000008000000      0x188
                0x0000000008000000                . = ALIGN (0x4)
 *(.isr_vector)
 .isr_vector    0x0000000008000000      0x188 ./Core/Startup/startup_stm32f407vgtx.o
                0x0000000008000000                g_pfnVectors
                0x0000000008000188                . = ALIGN (0x4)

.text           0x0000000008000190     0x70d8
                0x0000000008000190                . = ALIGN (0x4)
 *(.text)
 .text          0x0000000008000190       0x40 c:/program files/stm32cubeide_1.11.0/stm32cubeide/plugins/com.st.stm32cube.ide.mcu.externaltools.gnu-tools-for-stm32.10.3-2021.10.win32_1.0.100.202210260954/tools/bin/../lib/gcc/arm-none-eabi/10.3.1/thumb/v7e-m+fp/hard/crtbegin.o
 .text          0x00000000080001d0       0x10 c:/program files/stm32cubeide_1.11.0/stm32cubeide/plugins/com.st.stm32cube.ide.mcu.externaltools.gnu-tools-for-stm32.10.3-2021.10.win32_1.0.100.202210260954/tools/bin/../lib/gcc/arm-none-eabi/10.3.1/../../../../arm-none-eabi/lib/thumb/v7e-m+fp/hard\libc_nano.a(lib_a-strlen.o)
                0x00000000080001d0                strlen
 .text          0x00000000080001e0       0xa0 c:/program files/stm32cubeide_1.11.0/stm32cubeide/plugins/com.st.stm32cube.ide.mcu.externaltools.gnu-tools-for-stm32.10.3-2021.10.win32_1.0.100.202210260954/tools/bin/../lib/gcc/arm-none-eabi/10.3.1/../../../../arm-none-eabi/lib/thumb/v7e-m+fp/hard\libc_nano.a(lib_a-memchr.o)
                0x00000000080001e0                memchr
 .text          0x0000000008000280      0x254 c:/program files/stm32cubeide_1.11.0/stm32cubeide/plugins/com.st.stm32cube.ide.mcu.externaltools.gnu-tools-for-stm32.10.3-2021.10.win32_1.0.100.202210260954/tools/bin/../lib/gcc/arm-none-eabi/10.3.1/thumb/v7e-m+fp/hard\libgcc.a(_arm_muldf3.o)
                0x0000000008000280                __muldf3
                0x0000000008000280                __aeabi_dmul
 .text          0x00000000080004d4      0x378 c:/program files/stm32cubeide_1.11.0/stm32cubeide/plugins/com.st.stm32cube.ide.mcu.externaltools.gnu-tools-for-stm32.10.3-2021.10.win32_1.0.100.202210260954/tools/bin/../lib/gcc/arm-none-eabi/10.3.1/thumb/v7e-m+fp/hard\libgcc.a(_arm_addsubdf3.o)
                0x00000000080004d4                __aeabi_drsub
                0x00000000080004dc                __aeabi_dsub
                0x00000000080004dc                __subdf3
                0x00000000080004e0                __aeabi_dadd
                0x00000000080004e0                __adddf3
                0x0000000008000758                __floatunsidf
                0x0000000008000758                __aeabi_ui2d
                0x0000000008000778                __floatsidf
                0x0000000008000778                __aeabi_i2d
                0x000000000800079c                __aeabi_f2d
                0x000000000800079c                __extendsfdf2
                0x00000000080007e0                __floatundidf
                0x00000000080007e0                __aeabi_ul2d
                0x00000000080007f0                __floatdidf
                0x00000000080007f0                __aeabi_l2d
 .text          0x000000000800084c       0x40 c:/program files/stm32cubeide_1.11.0/stm32cubeide/plugins/com.st.stm32cube.ide.mcu.externaltools.gnu-tools-for-stm32.10.3-2021.10.win32_1.0.100.202210260954/tools/bin/../lib/gcc/arm-none-eabi/10.3.1/thumb/v7e-m+fp/hard\libgcc.a(_arm_fixunsdfsi.o)
                0x000000000800084c                __aeabi_d2uiz
                0x000000000800084c                __fixunsdfsi
 .text          0x000000000800088c       0x30 c:/program files/stm32cubeide_1.11.0/stm32cubeide/plugins/com.st.stm32cube.ide.mcu.externaltools.gnu-tools-for-stm32.10.3-2021.10.win32_1.0.100.202210260954/tools/bin/../lib/gcc/arm-none-eabi/10.3.1/thumb/v7e-m+fp/hard\libgcc.a(_aeabi_uldivmod.o)
                0x000000000800088c                __aeabi_uldivmod
 .text          0x00000000080008bc      0x2d0 c:/program files/stm32cubeide_1.11.0/stm32cubeide/plugins/com.st.stm32cube.ide.mcu.externaltools.gnu-tools-for-stm32.10.3-2021.10.win32_1.0.100.202210260954/tools/bin/../lib/gcc/arm-none-eabi/10.3.1/thumb/v7e-m+fp/hard\libgcc.a(_udivmoddi4.o)
                0x00000000080008bc                __udivmoddi4
 .text          0x0000000008000b8c        0x4 c:/program files/stm32cubeide_1.11.0/stm32cubeide/plugins/com.st.stm32cube.ide.mcu.externaltools.gnu-tools-for-stm32.10.3-2021.10.win32_1.0.100.202210260954/tools/bin/../lib/gcc/arm-none-eabi/10.3.1/thumb/v7e-m+fp/hard\libgcc.a(_dvmd_tls.o)
                0x0000000008000b8c                __aeabi_idiv0
                0x0000000008000b8c                __aeabi_ldiv0
 *(.text*)
 .text.SELECT   0x0000000008000b90       0x1c ./Core/Src/fatfs_sd.o
 .text.DESELECT
                0x0000000008000bac       0x1c ./Core/Src/fatfs_sd.o
 .text.SPI_TxByte
                0x0000000008000bc8       0x34 ./Core/Src/fatfs_sd.o
 .text.SPI_TxBuffer
                0x0000000008000bfc       0x34 ./Core/Src/fatfs_sd.o
 .text.SPI_RxByte
                0x0000000008000c30       0x38 ./Core/Src/fatfs_sd.o
 .text.SPI_RxBytePtr
                0x0000000008000c68       0x1c ./Core/Src/fatfs_sd.o
 .text.SD_ReadyWait
                0x0000000008000c84       0x34 ./Core/Src/fatfs_sd.o
 .text.SD_PowerOn
                0x0000000008000cb8       0x84 ./Core/Src/fatfs_sd.o
 .text.SD_PowerOff
                0x0000000008000d3c       0x18 ./Core/Src/fatfs_sd.o
 .text.SD_CheckPower
                0x0000000008000d54       0x18 ./Core/Src/fatfs_sd.o
 .text.SD_RxDataBlock
                0x0000000008000d6c       0x5c ./Core/Src/fatfs_sd.o
 .text.SD_TxDataBlock
                0x0000000008000dc8       0x86 ./Core/Src/fatfs_sd.o
 .text.SD_SendCmd
                0x0000000008000e4e       0xa8 ./Core/Src/fatfs_sd.o
 *fill*         0x0000000008000ef6        0x2 
 .text.SD_disk_initialize
                0x0000000008000ef8      0x1cc ./Core/Src/fatfs_sd.o
                0x0000000008000ef8                SD_disk_initialize
 .text.SD_disk_status
                0x00000000080010c4       0x2c ./Core/Src/fatfs_sd.o
                0x00000000080010c4                SD_disk_status
 .text.SD_disk_read
                0x00000000080010f0       0xd4 ./Core/Src/fatfs_sd.o
                0x00000000080010f0                SD_disk_read
 .text.SD_disk_write
                0x00000000080011c4      0x108 ./Core/Src/fatfs_sd.o
                0x00000000080011c4                SD_disk_write
 .text.SD_disk_ioctl
                0x00000000080012cc      0x258 ./Core/Src/fatfs_sd.o
                0x00000000080012cc                SD_disk_ioctl
 .text.transmit_uart.0
                0x0000000008001524       0x30 ./Core/Src/main.o
 .text.main     0x0000000008001554      0x330 ./Core/Src/main.o
                0x0000000008001554                main
 .text.SystemClock_Config
                0x0000000008001884       0xd4 ./Core/Src/main.o
                0x0000000008001884                SystemClock_Config
 .text.MX_SPI1_Init
                0x0000000008001958       0x6c ./Core/Src/main.o
 .text.MX_USART2_UART_Init
                0x00000000080019c4       0x54 ./Core/Src/main.o
 .text.MX_GPIO_Init
                0x0000000008001a18       0x84 ./Core/Src/main.o
 .text.Error_Handler
                0x0000000008001a9c        0xa ./Core/Src/main.o
                0x0000000008001a9c                Error_Handler
 *fill*         0x0000000008001aa6        0x2 
 .text.HAL_MspInit
                0x0000000008001aa8       0x50 ./Core/Src/stm32f4xx_hal_msp.o
                0x0000000008001aa8                HAL_MspInit
 .text.HAL_SPI_MspInit
                0x0000000008001af8       0x90 ./Core/Src/stm32f4xx_hal_msp.o
                0x0000000008001af8                HAL_SPI_MspInit
 .text.HAL_UART_MspInit
                0x0000000008001b88       0x90 ./Core/Src/stm32f4xx_hal_msp.o
                0x0000000008001b88                HAL_UART_MspInit
 .text.NMI_Handler
                0x0000000008001c18        0x6 ./Core/Src/stm32f4xx_it.o
                0x0000000008001c18                NMI_Handler
 .text.HardFault_Handler
                0x0000000008001c1e        0x6 ./Core/Src/stm32f4xx_it.o
                0x0000000008001c1e                HardFault_Handler
 .text.MemManage_Handler
                0x0000000008001c24        0x6 ./Core/Src/stm32f4xx_it.o
                0x0000000008001c24                MemManage_Handler
 .text.BusFault_Handler
                0x0000000008001c2a        0x6 ./Core/Src/stm32f4xx_it.o
                0x0000000008001c2a                BusFault_Handler
 .text.UsageFault_Handler
                0x0000000008001c30        0x6 ./Core/Src/stm32f4xx_it.o
                0x0000000008001c30                UsageFault_Handler
 .text.SVC_Handler
                0x0000000008001c36        0xe ./Core/Src/stm32f4xx_it.o
                0x0000000008001c36                SVC_Handler
 .text.DebugMon_Handler
                0x0000000008001c44        0xe ./Core/Src/stm32f4xx_it.o
                0x0000000008001c44                DebugMon_Handler
 .text.PendSV_Handler
                0x0000000008001c52        0xe ./Core/Src/stm32f4xx_it.o
                0x0000000008001c52                PendSV_Handler
 .text.SysTick_Handler
                0x0000000008001c60       0x40 ./Core/Src/stm32f4xx_it.o
                0x0000000008001c60                SysTick_Handler
 .text._sbrk    0x0000000008001ca0       0x6c ./Core/Src/sysmem.o
                0x0000000008001ca0                _sbrk
 .text.SystemInit
                0x0000000008001d0c       0x24 ./Core/Src/system_stm32f4xx.o
                0x0000000008001d0c                SystemInit
 .text.USER_initialize
                0x0000000008001d30       0x1c ./Core/Src/user_diskio.o
                0x0000000008001d30                USER_initialize
 .text.USER_status
                0x0000000008001d4c       0x1c ./Core/Src/user_diskio.o
                0x0000000008001d4c                USER_status
 .text.USER_read
                0x0000000008001d68       0x26 ./Core/Src/user_diskio.o
                0x0000000008001d68                USER_read
 .text.USER_write
                0x0000000008001d8e       0x26 ./Core/Src/user_diskio.o
                0x0000000008001d8e                USER_write
 .text.USER_ioctl
                0x0000000008001db4       0x26 ./Core/Src/user_diskio.o
                0x0000000008001db4                USER_ioctl
 *fill*         0x0000000008001dda        0x2 
 .text.Reset_Handler
                0x0000000008001ddc       0x50 ./Core/Startup/startup_stm32f407vgtx.o
                0x0000000008001ddc                Reset_Handler
 .text.Default_Handler
                0x0000000008001e2c        0x2 ./Core/Startup/startup_stm32f407vgtx.o
                0x0000000008001e2c                RTC_Alarm_IRQHandler
                0x0000000008001e2c                HASH_RNG_IRQHandler
                0x0000000008001e2c                EXTI2_IRQHandler
                0x0000000008001e2c                TIM8_CC_IRQHandler
                0x0000000008001e2c                TIM1_CC_IRQHandler
                0x0000000008001e2c                DMA2_Stream5_IRQHandler
                0x0000000008001e2c                DMA1_Stream5_IRQHandler
                0x0000000008001e2c                PVD_IRQHandler
                0x0000000008001e2c                SDIO_IRQHandler
                0x0000000008001e2c                TAMP_STAMP_IRQHandler
                0x0000000008001e2c                CAN2_RX1_IRQHandler
                0x0000000008001e2c                EXTI3_IRQHandler
                0x0000000008001e2c                TIM8_TRG_COM_TIM14_IRQHandler
                0x0000000008001e2c                TIM1_UP_TIM10_IRQHandler
                0x0000000008001e2c                TIM8_UP_TIM13_IRQHandler
                0x0000000008001e2c                I2C3_ER_IRQHandler
                0x0000000008001e2c                EXTI0_IRQHandler
                0x0000000008001e2c                I2C2_EV_IRQHandler
                0x0000000008001e2c                DMA1_Stream2_IRQHandler
                0x0000000008001e2c                CAN1_RX0_IRQHandler
                0x0000000008001e2c                FPU_IRQHandler
                0x0000000008001e2c                OTG_HS_WKUP_IRQHandler
                0x0000000008001e2c                CAN2_SCE_IRQHandler
                0x0000000008001e2c                DMA2_Stream2_IRQHandler
                0x0000000008001e2c                SPI1_IRQHandler
                0x0000000008001e2c                TIM6_DAC_IRQHandler
                0x0000000008001e2c                TIM1_BRK_TIM9_IRQHandler
                0x0000000008001e2c                DCMI_IRQHandler
                0x0000000008001e2c                CAN2_RX0_IRQHandler
                0x0000000008001e2c                DMA2_Stream3_IRQHandler
                0x0000000008001e2c                USART6_IRQHandler
                0x0000000008001e2c                USART3_IRQHandler
                0x0000000008001e2c                CAN1_RX1_IRQHandler
                0x0000000008001e2c                UART5_IRQHandler
                0x0000000008001e2c                DMA2_Stream0_IRQHandler
                0x0000000008001e2c                TIM4_IRQHandler
                0x0000000008001e2c                I2C1_EV_IRQHandler
                0x0000000008001e2c                DMA1_Stream6_IRQHandler
                0x0000000008001e2c                DMA1_Stream1_IRQHandler
                0x0000000008001e2c                UART4_IRQHandler
                0x0000000008001e2c                TIM3_IRQHandler
                0x0000000008001e2c                RCC_IRQHandler
                0x0000000008001e2c                TIM8_BRK_TIM12_IRQHandler
                0x0000000008001e2c                Default_Handler
                0x0000000008001e2c                EXTI15_10_IRQHandler
                0x0000000008001e2c                ADC_IRQHandler
                0x0000000008001e2c                DMA1_Stream7_IRQHandler
                0x0000000008001e2c                TIM7_IRQHandler
                0x0000000008001e2c                CAN2_TX_IRQHandler
                0x0000000008001e2c                TIM5_IRQHandler
                0x0000000008001e2c                DMA2_Stream7_IRQHandler
                0x0000000008001e2c                I2C3_EV_IRQHandler
                0x0000000008001e2c                EXTI9_5_IRQHandler
                0x0000000008001e2c                RTC_WKUP_IRQHandler
                0x0000000008001e2c                ETH_WKUP_IRQHandler
                0x0000000008001e2c                SPI2_IRQHandler
                0x0000000008001e2c                OTG_HS_EP1_IN_IRQHandler
                0x0000000008001e2c                DMA1_Stream0_IRQHandler
                0x0000000008001e2c                CAN1_TX_IRQHandler
                0x0000000008001e2c                EXTI4_IRQHandler
                0x0000000008001e2c                FSMC_IRQHandler
                0x0000000008001e2c                ETH_IRQHandler
                0x0000000008001e2c                OTG_HS_EP1_OUT_IRQHandler
                0x0000000008001e2c                WWDG_IRQHandler
                0x0000000008001e2c                TIM2_IRQHandler
                0x0000000008001e2c                OTG_FS_WKUP_IRQHandler
                0x0000000008001e2c                TIM1_TRG_COM_TIM11_IRQHandler
                0x0000000008001e2c                OTG_HS_IRQHandler
                0x0000000008001e2c                EXTI1_IRQHandler
                0x0000000008001e2c                USART2_IRQHandler
                0x0000000008001e2c                I2C2_ER_IRQHandler
                0x0000000008001e2c                DMA2_Stream1_IRQHandler
                0x0000000008001e2c                CAN1_SCE_IRQHandler
                0x0000000008001e2c                FLASH_IRQHandler
                0x0000000008001e2c                DMA2_Stream4_IRQHandler
                0x0000000008001e2c                USART1_IRQHandler
                0x0000000008001e2c                OTG_FS_IRQHandler
                0x0000000008001e2c                SPI3_IRQHandler
                0x0000000008001e2c                DMA1_Stream4_IRQHandler
                0x0000000008001e2c                I2C1_ER_IRQHandler
                0x0000000008001e2c                DMA2_Stream6_IRQHandler
                0x0000000008001e2c                DMA1_Stream3_IRQHandler
 *fill*         0x0000000008001e2e        0x2 
 .text.HAL_Init
                0x0000000008001e30       0x44 ./Drivers/STM32F4xx_HAL_Driver/Src/stm32f4xx_hal.o
                0x0000000008001e30                HAL_Init
 .text.HAL_InitTick
                0x0000000008001e74       0x60 ./Drivers/STM32F4xx_HAL_Driver/Src/stm32f4xx_hal.o
                0x0000000008001e74                HAL_InitTick
 .text.HAL_IncTick
                0x0000000008001ed4       0x28 ./Drivers/STM32F4xx_HAL_Driver/Src/stm32f4xx_hal.o
                0x0000000008001ed4                HAL_IncTick
 .text.HAL_GetTick
                0x0000000008001efc       0x18 ./Drivers/STM32F4xx_HAL_Driver/Src/stm32f4xx_hal.o
                0x0000000008001efc                HAL_GetTick
 .text.HAL_Delay
                0x0000000008001f14       0x48 ./Drivers/STM32F4xx_HAL_Driver/Src/stm32f4xx_hal.o
                0x0000000008001f14                HAL_Delay
 .text.__NVIC_SetPriorityGrouping
                0x0000000008001f5c       0x48 ./Drivers/STM32F4xx_HAL_Driver/Src/stm32f4xx_hal_cortex.o
 .text.__NVIC_GetPriorityGrouping
                0x0000000008001fa4       0x1c ./Drivers/STM32F4xx_HAL_Driver/Src/stm32f4xx_hal_cortex.o
 .text.__NVIC_SetPriority
                0x0000000008001fc0       0x54 ./Drivers/STM32F4xx_HAL_Driver/Src/stm32f4xx_hal_cortex.o
 .text.NVIC_EncodePriority
                0x0000000008002014       0x66 ./Drivers/STM32F4xx_HAL_Driver/Src/stm32f4xx_hal_cortex.o
 *fill*         0x000000000800207a        0x2 
 .text.SysTick_Config
                0x000000000800207c       0x44 ./Drivers/STM32F4xx_HAL_Driver/Src/stm32f4xx_hal_cortex.o
 .text.HAL_NVIC_SetPriorityGrouping
                0x00000000080020c0       0x16 ./Drivers/STM32F4xx_HAL_Driver/Src/stm32f4xx_hal_cortex.o
                0x00000000080020c0                HAL_NVIC_SetPriorityGrouping
 .text.HAL_NVIC_SetPriority
                0x00000000080020d6       0x38 ./Drivers/STM32F4xx_HAL_Driver/Src/stm32f4xx_hal_cortex.o
                0x00000000080020d6                HAL_NVIC_SetPriority
 .text.HAL_SYSTICK_Config
                0x000000000800210e       0x18 ./Drivers/STM32F4xx_HAL_Driver/Src/stm32f4xx_hal_cortex.o
                0x000000000800210e                HAL_SYSTICK_Config
 .text.HAL_SYSTICK_IRQHandler
                0x0000000008002126        0xc ./Drivers/STM32F4xx_HAL_Driver/Src/stm32f4xx_hal_cortex.o
                0x0000000008002126                HAL_SYSTICK_IRQHandler
 .text.HAL_SYSTICK_Callback
                0x0000000008002132        0xe ./Drivers/STM32F4xx_HAL_Driver/Src/stm32f4xx_hal_cortex.o
                0x0000000008002132                HAL_SYSTICK_Callback
 .text.HAL_GPIO_Init
                0x0000000008002140      0x338 ./Drivers/STM32F4xx_HAL_Driver/Src/stm32f4xx_hal_gpio.o
                0x0000000008002140                HAL_GPIO_Init
 .text.HAL_GPIO_WritePin
                0x0000000008002478       0x32 ./Drivers/STM32F4xx_HAL_Driver/Src/stm32f4xx_hal_gpio.o
                0x0000000008002478                HAL_GPIO_WritePin
 *fill*         0x00000000080024aa        0x2 
 .text.HAL_RCC_OscConfig
                0x00000000080024ac      0x4f0 ./Drivers/STM32F4xx_HAL_Driver/Src/stm32f4xx_hal_rcc.o
                0x00000000080024ac                HAL_RCC_OscConfig
 .text.HAL_RCC_ClockConfig
                0x000000000800299c      0x1cc ./Drivers/STM32F4xx_HAL_Driver/Src/stm32f4xx_hal_rcc.o
                0x000000000800299c                HAL_RCC_ClockConfig
 .text.HAL_RCC_GetSysClockFreq
                0x0000000008002b68      0x20c ./Drivers/STM32F4xx_HAL_Driver/Src/stm32f4xx_hal_rcc.o
                0x0000000008002b68                HAL_RCC_GetSysClockFreq
 .text.HAL_RCC_GetHCLKFreq
                0x0000000008002d74       0x18 ./Drivers/STM32F4xx_HAL_Driver/Src/stm32f4xx_hal_rcc.o
                0x0000000008002d74                HAL_RCC_GetHCLKFreq
 .text.HAL_RCC_GetPCLK1Freq
                0x0000000008002d8c       0x28 ./Drivers/STM32F4xx_HAL_Driver/Src/stm32f4xx_hal_rcc.o
                0x0000000008002d8c                HAL_RCC_GetPCLK1Freq
 .text.HAL_RCC_GetPCLK2Freq
                0x0000000008002db4       0x28 ./Drivers/STM32F4xx_HAL_Driver/Src/stm32f4xx_hal_rcc.o
                0x0000000008002db4                HAL_RCC_GetPCLK2Freq
 .text.HAL_SPI_Init
                0x0000000008002ddc      0x112 ./Drivers/STM32F4xx_HAL_Driver/Src/stm32f4xx_hal_spi.o
                0x0000000008002ddc                HAL_SPI_Init
 .text.HAL_SPI_Transmit
                0x0000000008002eee      0x278 ./Drivers/STM32F4xx_HAL_Driver/Src/stm32f4xx_hal_spi.o
                0x0000000008002eee                HAL_SPI_Transmit
 .text.HAL_SPI_TransmitReceive
                0x0000000008003166      0x344 ./Drivers/STM32F4xx_HAL_Driver/Src/stm32f4xx_hal_spi.o
                0x0000000008003166                HAL_SPI_TransmitReceive
 *fill*         0x00000000080034aa        0x2 
 .text.SPI_WaitFlagStateUntilTimeout
                0x00000000080034ac      0x110 ./Drivers/STM32F4xx_HAL_Driver/Src/stm32f4xx_hal_spi.o
 .text.SPI_EndRxTxTransaction
                0x00000000080035bc       0x84 ./Drivers/STM32F4xx_HAL_Driver/Src/stm32f4xx_hal_spi.o
 .text.HAL_UART_Init
                0x0000000008003640       0x9a ./Drivers/STM32F4xx_HAL_Driver/Src/stm32f4xx_hal_uart.o
                0x0000000008003640                HAL_UART_Init
 .text.HAL_UART_Transmit
                0x00000000080036da      0x124 ./Drivers/STM32F4xx_HAL_Driver/Src/stm32f4xx_hal_uart.o
                0x00000000080036da                HAL_UART_Transmit
 .text.UART_WaitOnFlagUntilTimeout
                0x00000000080037fe       0xdc ./Drivers/STM32F4xx_HAL_Driver/Src/stm32f4xx_hal_uart.o
 *fill*         0x00000000080038da        0x2 
 .text.UART_SetConfig
                0x00000000080038dc      0x4e8 ./Drivers/STM32F4xx_HAL_Driver/Src/stm32f4xx_hal_uart.o
 .text.MX_FATFS_Init
                0x0000000008003dc4       0x24 ./FATFS/App/fatfs.o
                0x0000000008003dc4                MX_FATFS_Init
 .text.get_fattime
                0x0000000008003de8       0x10 ./FATFS/App/fatfs.o
                0x0000000008003de8                get_fattime
 .text.disk_status
                0x0000000008003df8       0x34 ./Middlewares/Third_Party/FatFs/src/diskio.o
                0x0000000008003df8                disk_status
 .text.disk_initialize
                0x0000000008003e2c       0x4c ./Middlewares/Third_Party/FatFs/src/diskio.o
                0x0000000008003e2c                disk_initialize
 .text.disk_read
                0x0000000008003e78       0x40 ./Middlewares/Third_Party/FatFs/src/diskio.o
                0x0000000008003e78                disk_read
 .text.disk_write
                0x0000000008003eb8       0x40 ./Middlewares/Third_Party/FatFs/src/diskio.o
                0x0000000008003eb8                disk_write
 .text.disk_ioctl
                0x0000000008003ef8       0x3c ./Middlewares/Third_Party/FatFs/src/diskio.o
                0x0000000008003ef8                disk_ioctl
 .text.ld_word  0x0000000008003f34       0x30 ./Middlewares/Third_Party/FatFs/src/ff.o
 .text.ld_dword
                0x0000000008003f64       0x46 ./Middlewares/Third_Party/FatFs/src/ff.o
 .text.st_word  0x0000000008003faa       0x36 ./Middlewares/Third_Party/FatFs/src/ff.o
 .text.st_dword
                0x0000000008003fe0       0x58 ./Middlewares/Third_Party/FatFs/src/ff.o
 .text.mem_cpy  0x0000000008004038       0x42 ./Middlewares/Third_Party/FatFs/src/ff.o
 .text.mem_set  0x000000000800407a       0x36 ./Middlewares/Third_Party/FatFs/src/ff.o
 .text.mem_cmp  0x00000000080040b0       0x4e ./Middlewares/Third_Party/FatFs/src/ff.o
 .text.chk_chr  0x00000000080040fe       0x36 ./Middlewares/Third_Party/FatFs/src/ff.o
 .text.chk_lock
                0x0000000008004134       0xb8 ./Middlewares/Third_Party/FatFs/src/ff.o
 .text.enq_lock
                0x00000000080041ec       0x44 ./Middlewares/Third_Party/FatFs/src/ff.o
 .text.inc_lock
                0x0000000008004230      0x11c ./Middlewares/Third_Party/FatFs/src/ff.o
 .text.dec_lock
                0x000000000800434c       0x78 ./Middlewares/Third_Party/FatFs/src/ff.o
 .text.clear_lock
                0x00000000080043c4       0x48 ./Middlewares/Third_Party/FatFs/src/ff.o
 .text.sync_window
                0x000000000800440c       0x88 ./Middlewares/Third_Party/FatFs/src/ff.o
 .text.move_window
                0x0000000008004494       0x5a ./Middlewares/Third_Party/FatFs/src/ff.o
 *fill*         0x00000000080044ee        0x2 
 .text.sync_fs  0x00000000080044f0       0xe0 ./Middlewares/Third_Party/FatFs/src/ff.o
 .text.clust2sect
                0x00000000080045d0       0x3e ./Middlewares/Third_Party/FatFs/src/ff.o
 .text.get_fat  0x000000000800460e      0x1a8 ./Middlewares/Third_Party/FatFs/src/ff.o
 .text.put_fat  0x00000000080047b6      0x238 ./Middlewares/Third_Party/FatFs/src/ff.o
 .text.remove_chain
                0x00000000080049ee       0xca ./Middlewares/Third_Party/FatFs/src/ff.o
 .text.create_chain
                0x0000000008004ab8      0x130 ./Middlewares/Third_Party/FatFs/src/ff.o
 .text.clmt_clust
                0x0000000008004be8       0x70 ./Middlewares/Third_Party/FatFs/src/ff.o
 .text.dir_sdi  0x0000000008004c58      0x112 ./Middlewares/Third_Party/FatFs/src/ff.o
 .text.dir_next
                0x0000000008004d6a      0x1ac ./Middlewares/Third_Party/FatFs/src/ff.o
 .text.dir_alloc
                0x0000000008004f16       0x8e ./Middlewares/Third_Party/FatFs/src/ff.o
 .text.ld_clust
                0x0000000008004fa4       0x3e ./Middlewares/Third_Party/FatFs/src/ff.o
 .text.st_clust
                0x0000000008004fe2       0x40 ./Middlewares/Third_Party/FatFs/src/ff.o
 .text.dir_find
                0x0000000008005022       0xaa ./Middlewares/Third_Party/FatFs/src/ff.o
 .text.dir_register
                0x00000000080050cc       0x64 ./Middlewares/Third_Party/FatFs/src/ff.o
 .text.create_name
                0x0000000008005130      0x128 ./Middlewares/Third_Party/FatFs/src/ff.o
 .text.follow_path
                0x0000000008005258       0xec ./Middlewares/Third_Party/FatFs/src/ff.o
 .text.get_ldnumber
                0x0000000008005344       0x88 ./Middlewares/Third_Party/FatFs/src/ff.o
 .text.check_fs
                0x00000000080053cc       0xac ./Middlewares/Third_Party/FatFs/src/ff.o
 .text.find_volume
                0x0000000008005478      0x500 ./Middlewares/Third_Party/FatFs/src/ff.o
 .text.validate
                0x0000000008005978       0x6a ./Middlewares/Third_Party/FatFs/src/ff.o
 *fill*         0x00000000080059e2        0x2 
 .text.f_mount  0x00000000080059e4       0x8c ./Middlewares/Third_Party/FatFs/src/ff.o
                0x00000000080059e4                f_mount
 .text.f_open   0x0000000008005a70      0x398 ./Middlewares/Third_Party/FatFs/src/ff.o
                0x0000000008005a70                f_open
 .text.f_read   0x0000000008005e08      0x2be ./Middlewares/Third_Party/FatFs/src/ff.o
                0x0000000008005e08                f_read
 .text.f_write  0x00000000080060c6      0x328 ./Middlewares/Third_Party/FatFs/src/ff.o
                0x00000000080060c6                f_write
 .text.f_sync   0x00000000080063ee       0xfc ./Middlewares/Third_Party/FatFs/src/ff.o
                0x00000000080063ee                f_sync
 .text.f_close  0x00000000080064ea       0x54 ./Middlewares/Third_Party/FatFs/src/ff.o
                0x00000000080064ea                f_close
 .text.f_getfree
                0x000000000800653e      0x16a ./Middlewares/Third_Party/FatFs/src/ff.o
                0x000000000800653e                f_getfree
 .text.f_gets   0x00000000080066a8       0x7a ./Middlewares/Third_Party/FatFs/src/ff.o
                0x00000000080066a8                f_gets
 .text.putc_bfd
                0x0000000008006722       0x7a ./Middlewares/Third_Party/FatFs/src/ff.o
 .text.putc_flush
                0x000000000800679c       0x4a ./Middlewares/Third_Party/FatFs/src/ff.o
 .text.putc_init
                0x00000000080067e6       0x2a ./Middlewares/Third_Party/FatFs/src/ff.o
 .text.f_puts   0x0000000008006810       0x48 ./Middlewares/Third_Party/FatFs/src/ff.o
                0x0000000008006810                f_puts
 .text.FATFS_LinkDriverEx
                0x0000000008006858       0x98 ./Middlewares/Third_Party/FatFs/src/ff_gen_drv.o
                0x0000000008006858                FATFS_LinkDriverEx
 .text.FATFS_LinkDriver
                0x00000000080068f0       0x1e ./Middlewares/Third_Party/FatFs/src/ff_gen_drv.o
                0x00000000080068f0                FATFS_LinkDriver
 *fill*         0x000000000800690e        0x2 
 .text.__errno  0x0000000008006910        0xc c:/program files/stm32cubeide_1.11.0/stm32cubeide/plugins/com.st.stm32cube.ide.mcu.externaltools.gnu-tools-for-stm32.10.3-2021.10.win32_1.0.100.202210260954/tools/bin/../lib/gcc/arm-none-eabi/10.3.1/../../../../arm-none-eabi/lib/thumb/v7e-m+fp/hard\libc_nano.a(lib_a-errno.o)
                0x0000000008006910                __errno
 .text.__libc_init_array
                0x000000000800691c       0x48 c:/program files/stm32cubeide_1.11.0/stm32cubeide/plugins/com.st.stm32cube.ide.mcu.externaltools.gnu-tools-for-stm32.10.3-2021.10.win32_1.0.100.202210260954/tools/bin/../lib/gcc/arm-none-eabi/10.3.1/../../../../arm-none-eabi/lib/thumb/v7e-m+fp/hard\libc_nano.a(lib_a-init.o)
                0x000000000800691c                __libc_init_array
 .text.memset   0x0000000008006964       0x10 c:/program files/stm32cubeide_1.11.0/stm32cubeide/plugins/com.st.stm32cube.ide.mcu.externaltools.gnu-tools-for-stm32.10.3-2021.10.win32_1.0.100.202210260954/tools/bin/../lib/gcc/arm-none-eabi/10.3.1/../../../../arm-none-eabi/lib/thumb/v7e-m+fp/hard\libc_nano.a(lib_a-memset.o)
                0x0000000008006964                memset
 .text.sprintf  0x0000000008006974       0x40 c:/program files/stm32cubeide_1.11.0/stm32cubeide/plugins/com.st.stm32cube.ide.mcu.externaltools.gnu-tools-for-stm32.10.3-2021.10.win32_1.0.100.202210260954/tools/bin/../lib/gcc/arm-none-eabi/10.3.1/../../../../arm-none-eabi/lib/thumb/v7e-m+fp/hard\libc_nano.a(lib_a-sprintf.o)
                0x0000000008006974                siprintf
                0x0000000008006974                sprintf
 .text.__ssputs_r
                0x00000000080069b4       0xb6 c:/program files/stm32cubeide_1.11.0/stm32cubeide/plugins/com.st.stm32cube.ide.mcu.externaltools.gnu-tools-for-stm32.10.3-2021.10.win32_1.0.100.202210260954/tools/bin/../lib/gcc/arm-none-eabi/10.3.1/../../../../arm-none-eabi/lib/thumb/v7e-m+fp/hard\libc_nano.a(lib_a-nano-svfprintf.o)
                0x00000000080069b4                __ssputs_r
 *fill*         0x0000000008006a6a        0x2 
 .text._svfprintf_r
                0x0000000008006a6c      0x200 c:/program files/stm32cubeide_1.11.0/stm32cubeide/plugins/com.st.stm32cube.ide.mcu.externaltools.gnu-tools-for-stm32.10.3-2021.10.win32_1.0.100.202210260954/tools/bin/../lib/gcc/arm-none-eabi/10.3.1/../../../../arm-none-eabi/lib/thumb/v7e-m+fp/hard\libc_nano.a(lib_a-nano-svfprintf.o)
                0x0000000008006a6c                _svfiprintf_r
                0x0000000008006a6c                _svfprintf_r
 .text._printf_common
                0x0000000008006c6c       0xda c:/program files/stm32cubeide_1.11.0/stm32cubeide/plugins/com.st.stm32cube.ide.mcu.externaltools.gnu-tools-for-stm32.10.3-2021.10.win32_1.0.100.202210260954/tools/bin/../lib/gcc/arm-none-eabi/10.3.1/../../../../arm-none-eabi/lib/thumb/v7e-m+fp/hard\libc_nano.a(lib_a-nano-vfprintf_i.o)
                0x0000000008006c6c                _printf_common
 *fill*         0x0000000008006d46        0x2 
 .text._printf_i
                0x0000000008006d48      0x24c c:/program files/stm32cubeide_1.11.0/stm32cubeide/plugins/com.st.stm32cube.ide.mcu.externaltools.gnu-tools-for-stm32.10.3-2021.10.win32_1.0.100.202210260954/tools/bin/../lib/gcc/arm-none-eabi/10.3.1/../../../../arm-none-eabi/lib/thumb/v7e-m+fp/hard\libc_nano.a(lib_a-nano-vfprintf_i.o)
                0x0000000008006d48                _printf_i
 .text.memcpy   0x0000000008006f94       0x1c c:/program files/stm32cubeide_1.11.0/stm32cubeide/plugins/com.st.stm32cube.ide.mcu.externaltools.gnu-tools-for-stm32.10.3-2021.10.win32_1.0.100.202210260954/tools/bin/../lib/gcc/arm-none-eabi/10.3.1/../../../../arm-none-eabi/lib/thumb/v7e-m+fp/hard\libc_nano.a(lib_a-memcpy-stub.o)
                0x0000000008006f94                memcpy
 .text.memmove  0x0000000008006fb0       0x34 c:/program files/stm32cubeide_1.11.0/stm32cubeide/plugins/com.st.stm32cube.ide.mcu.externaltools.gnu-tools-for-stm32.10.3-2021.10.win32_1.0.100.202210260954/tools/bin/../lib/gcc/arm-none-eabi/10.3.1/../../../../arm-none-eabi/lib/thumb/v7e-m+fp/hard\libc_nano.a(lib_a-memmove.o)
                0x0000000008006fb0                memmove
 .text._free_r  0x0000000008006fe4       0x98 c:/program files/stm32cubeide_1.11.0/stm32cubeide/plugins/com.st.stm32cube.ide.mcu.externaltools.gnu-tools-for-stm32.10.3-2021.10.win32_1.0.100.202210260954/tools/bin/../lib/gcc/arm-none-eabi/10.3.1/../../../../arm-none-eabi/lib/thumb/v7e-m+fp/hard\libc_nano.a(lib_a-nano-freer.o)
                0x0000000008006fe4                _free_r
 .text.sbrk_aligned
                0x000000000800707c       0x40 c:/program files/stm32cubeide_1.11.0/stm32cubeide/plugins/com.st.stm32cube.ide.mcu.externaltools.gnu-tools-for-stm32.10.3-2021.10.win32_1.0.100.202210260954/tools/bin/../lib/gcc/arm-none-eabi/10.3.1/../../../../arm-none-eabi/lib/thumb/v7e-m+fp/hard\libc_nano.a(lib_a-nano-mallocr.o)
 .text._malloc_r
                0x00000000080070bc       0xe8 c:/program files/stm32cubeide_1.11.0/stm32cubeide/plugins/com.st.stm32cube.ide.mcu.externaltools.gnu-tools-for-stm32.10.3-2021.10.win32_1.0.100.202210260954/tools/bin/../lib/gcc/arm-none-eabi/10.3.1/../../../../arm-none-eabi/lib/thumb/v7e-m+fp/hard\libc_nano.a(lib_a-nano-mallocr.o)
                0x00000000080070bc                _malloc_r
 .text._realloc_r
                0x00000000080071a4       0x5e c:/program files/stm32cubeide_1.11.0/stm32cubeide/plugins/com.st.stm32cube.ide.mcu.externaltools.gnu-tools-for-stm32.10.3-2021.10.win32_1.0.100.202210260954/tools/bin/../lib/gcc/arm-none-eabi/10.3.1/../../../../arm-none-eabi/lib/thumb/v7e-m+fp/hard\libc_nano.a(lib_a-nano-reallocr.o)
                0x00000000080071a4                _realloc_r
 *fill*         0x0000000008007202        0x2 
 .text._sbrk_r  0x0000000008007204       0x20 c:/program files/stm32cubeide_1.11.0/stm32cubeide/plugins/com.st.stm32cube.ide.mcu.externaltools.gnu-tools-for-stm32.10.3-2021.10.win32_1.0.100.202210260954/tools/bin/../lib/gcc/arm-none-eabi/10.3.1/../../../../arm-none-eabi/lib/thumb/v7e-m+fp/hard\libc_nano.a(lib_a-sbrkr.o)
                0x0000000008007204                _sbrk_r
 .text.__malloc_lock
                0x0000000008007224        0xc c:/program files/stm32cubeide_1.11.0/stm32cubeide/plugins/com.st.stm32cube.ide.mcu.externaltools.gnu-tools-for-stm32.10.3-2021.10.win32_1.0.100.202210260954/tools/bin/../lib/gcc/arm-none-eabi/10.3.1/../../../../arm-none-eabi/lib/thumb/v7e-m+fp/hard\libc_nano.a(lib_a-mlock.o)
                0x0000000008007224                __malloc_lock
 .text.__malloc_unlock
                0x0000000008007230        0xc c:/program files/stm32cubeide_1.11.0/stm32cubeide/plugins/com.st.stm32cube.ide.mcu.externaltools.gnu-tools-for-stm32.10.3-2021.10.win32_1.0.100.202210260954/tools/bin/../lib/gcc/arm-none-eabi/10.3.1/../../../../arm-none-eabi/lib/thumb/v7e-m+fp/hard\libc_nano.a(lib_a-mlock.o)
                0x0000000008007230                __malloc_unlock
 .text._malloc_usable_size_r
                0x000000000800723c       0x10 c:/program files/stm32cubeide_1.11.0/stm32cubeide/plugins/com.st.stm32cube.ide.mcu.externaltools.gnu-tools-for-stm32.10.3-2021.10.win32_1.0.100.202210260954/tools/bin/../lib/gcc/arm-none-eabi/10.3.1/../../../../arm-none-eabi/lib/thumb/v7e-m+fp/hard\libc_nano.a(lib_a-nano-msizer.o)
                0x000000000800723c                _malloc_usable_size_r
 .text.__retarget_lock_acquire_recursive
                0x000000000800724c        0x2 c:/program files/stm32cubeide_1.11.0/stm32cubeide/plugins/com.st.stm32cube.ide.mcu.externaltools.gnu-tools-for-stm32.10.3-2021.10.win32_1.0.100.202210260954/tools/bin/../lib/gcc/arm-none-eabi/10.3.1/../../../../arm-none-eabi/lib/thumb/v7e-m+fp/hard\libc_nano.a(lib_a-lock.o)
                0x000000000800724c                __retarget_lock_acquire_recursive
 .text.__retarget_lock_release_recursive
                0x000000000800724e        0x2 c:/program files/stm32cubeide_1.11.0/stm32cubeide/plugins/com.st.stm32cube.ide.mcu.externaltools.gnu-tools-for-stm32.10.3-2021.10.win32_1.0.100.202210260954/tools/bin/../lib/gcc/arm-none-eabi/10.3.1/../../../../arm-none-eabi/lib/thumb/v7e-m+fp/hard\libc_nano.a(lib_a-lock.o)
                0x000000000800724e                __retarget_lock_release_recursive
 *(.glue_7)
 .glue_7        0x0000000008007250        0x0 linker stubs
 *(.glue_7t)
 .glue_7t       0x0000000008007250        0x0 linker stubs
 *(.eh_frame)
 .eh_frame      0x0000000008007250        0x0 c:/program files/stm32cubeide_1.11.0/stm32cubeide/plugins/com.st.stm32cube.ide.mcu.externaltools.gnu-tools-for-stm32.10.3-2021.10.win32_1.0.100.202210260954/tools/bin/../lib/gcc/arm-none-eabi/10.3.1/thumb/v7e-m+fp/hard/crtbegin.o
 *(.init)
 .init          0x0000000008007250        0x4 c:/program files/stm32cubeide_1.11.0/stm32cubeide/plugins/com.st.stm32cube.ide.mcu.externaltools.gnu-tools-for-stm32.10.3-2021.10.win32_1.0.100.202210260954/tools/bin/../lib/gcc/arm-none-eabi/10.3.1/thumb/v7e-m+fp/hard/crti.o
                0x0000000008007250                _init
 .init          0x0000000008007254        0x8 c:/program files/stm32cubeide_1.11.0/stm32cubeide/plugins/com.st.stm32cube.ide.mcu.externaltools.gnu-tools-for-stm32.10.3-2021.10.win32_1.0.100.202210260954/tools/bin/../lib/gcc/arm-none-eabi/10.3.1/thumb/v7e-m+fp/hard/crtn.o
 *(.fini)
 .fini          0x000000000800725c        0x4 c:/program files/stm32cubeide_1.11.0/stm32cubeide/plugins/com.st.stm32cube.ide.mcu.externaltools.gnu-tools-for-stm32.10.3-2021.10.win32_1.0.100.202210260954/tools/bin/../lib/gcc/arm-none-eabi/10.3.1/thumb/v7e-m+fp/hard/crti.o
                0x000000000800725c                _fini
 .fini          0x0000000008007260        0x8 c:/program files/stm32cubeide_1.11.0/stm32cubeide/plugins/com.st.stm32cube.ide.mcu.externaltools.gnu-tools-for-stm32.10.3-2021.10.win32_1.0.100.202210260954/tools/bin/../lib/gcc/arm-none-eabi/10.3.1/thumb/v7e-m+fp/hard/crtn.o
                0x0000000008007268                . = ALIGN (0x4)
                0x0000000008007268                _etext = .

.vfp11_veneer   0x0000000008007268        0x0
 .vfp11_veneer  0x0000000008007268        0x0 linker stubs

.v4_bx          0x0000000008007268        0x0
 .v4_bx         0x0000000008007268        0x0 linker stubs

.iplt           0x0000000008007268        0x0
 .iplt          0x0000000008007268        0x0 c:/program files/stm32cubeide_1.11.0/stm32cubeide/plugins/com.st.stm32cube.ide.mcu.externaltools.gnu-tools-for-stm32.10.3-2021.10.win32_1.0.100.202210260954/tools/bin/../lib/gcc/arm-none-eabi/10.3.1/thumb/v7e-m+fp/hard/crtbegin.o

.rodata         0x0000000008007268      0x328
                0x0000000008007268                . = ALIGN (0x4)
 *(.rodata)
 .rodata        0x0000000008007268      0x215 ./Core/Src/main.o
 *fill*         0x000000000800747d        0x3 
 .rodata        0x0000000008007480       0x44 ./Middlewares/Third_Party/FatFs/src/ff.o
 *(.rodata*)
 .rodata.AHBPrescTable
                0x00000000080074c4       0x10 ./Core/Src/system_stm32f4xx.o
                0x00000000080074c4                AHBPrescTable
 .rodata.APBPrescTable
                0x00000000080074d4        0x8 ./Core/Src/system_stm32f4xx.o
                0x00000000080074d4                APBPrescTable
 .rodata.ExCvt  0x00000000080074dc       0x80 ./Middlewares/Third_Party/FatFs/src/ff.o
 .rodata._svfprintf_r.str1.1
                0x000000000800755c       0x11 c:/program files/stm32cubeide_1.11.0/stm32cubeide/plugins/com.st.stm32cube.ide.mcu.externaltools.gnu-tools-for-stm32.10.3-2021.10.win32_1.0.100.202210260954/tools/bin/../lib/gcc/arm-none-eabi/10.3.1/../../../../arm-none-eabi/lib/thumb/v7e-m+fp/hard\libc_nano.a(lib_a-nano-svfprintf.o)
 .rodata._printf_i.str1.1
                0x000000000800756d       0x22 c:/program files/stm32cubeide_1.11.0/stm32cubeide/plugins/com.st.stm32cube.ide.mcu.externaltools.gnu-tools-for-stm32.10.3-2021.10.win32_1.0.100.202210260954/tools/bin/../lib/gcc/arm-none-eabi/10.3.1/../../../../arm-none-eabi/lib/thumb/v7e-m+fp/hard\libc_nano.a(lib_a-nano-vfprintf_i.o)
                0x0000000008007590                . = ALIGN (0x4)
 *fill*         0x000000000800758f        0x1 

.ARM.extab      0x0000000008007590        0x0
                0x0000000008007590                . = ALIGN (0x4)
 *(.ARM.extab* .gnu.linkonce.armextab.*)
                0x0000000008007590                . = ALIGN (0x4)

.ARM            0x0000000008007590        0x8
                0x0000000008007590                . = ALIGN (0x4)
                0x0000000008007590                __exidx_start = .
 *(.ARM.exidx*)
 .ARM.exidx     0x0000000008007590        0x8 c:/program files/stm32cubeide_1.11.0/stm32cubeide/plugins/com.st.stm32cube.ide.mcu.externaltools.gnu-tools-for-stm32.10.3-2021.10.win32_1.0.100.202210260954/tools/bin/../lib/gcc/arm-none-eabi/10.3.1/thumb/v7e-m+fp/hard\libgcc.a(_udivmoddi4.o)
                0x0000000008007598                __exidx_end = .
                0x0000000008007598                . = ALIGN (0x4)

.rel.dyn        0x0000000008007598        0x0
 .rel.iplt      0x0000000008007598        0x0 c:/program files/stm32cubeide_1.11.0/stm32cubeide/plugins/com.st.stm32cube.ide.mcu.externaltools.gnu-tools-for-stm32.10.3-2021.10.win32_1.0.100.202210260954/tools/bin/../lib/gcc/arm-none-eabi/10.3.1/thumb/v7e-m+fp/hard/crtbegin.o

.preinit_array  0x0000000008007598        0x0
                0x0000000008007598                . = ALIGN (0x4)
                0x0000000008007598                PROVIDE (__preinit_array_start = .)
 *(.preinit_array*)
                0x0000000008007598                PROVIDE (__preinit_array_end = .)
                0x0000000008007598                . = ALIGN (0x4)

.init_array     0x0000000008007598        0x4
                0x0000000008007598                . = ALIGN (0x4)
                0x0000000008007598                PROVIDE (__init_array_start = .)
 *(SORT_BY_NAME(.init_array.*))
 *(.init_array*)
 .init_array    0x0000000008007598        0x4 c:/program files/stm32cubeide_1.11.0/stm32cubeide/plugins/com.st.stm32cube.ide.mcu.externaltools.gnu-tools-for-stm32.10.3-2021.10.win32_1.0.100.202210260954/tools/bin/../lib/gcc/arm-none-eabi/10.3.1/thumb/v7e-m+fp/hard/crtbegin.o
                0x000000000800759c                PROVIDE (__init_array_end = .)
                0x000000000800759c                . = ALIGN (0x4)

.fini_array     0x000000000800759c        0x4
                0x000000000800759c                . = ALIGN (0x4)
                [!provide]                        PROVIDE (__fini_array_start = .)
 *(SORT_BY_NAME(.fini_array.*))
 *(.fini_array*)
 .fini_array    0x000000000800759c        0x4 c:/program files/stm32cubeide_1.11.0/stm32cubeide/plugins/com.st.stm32cube.ide.mcu.externaltools.gnu-tools-for-stm32.10.3-2021.10.win32_1.0.100.202210260954/tools/bin/../lib/gcc/arm-none-eabi/10.3.1/thumb/v7e-m+fp/hard/crtbegin.o
                [!provide]                        PROVIDE (__fini_array_end = .)
                0x00000000080075a0                . = ALIGN (0x4)
                0x00000000080075a0                _sidata = LOADADDR (.data)

.data           0x0000000020000000       0x88 load address 0x00000000080075a0
                0x0000000020000000                . = ALIGN (0x4)
                0x0000000020000000                _sdata = .
 *(.data)
 *(.data*)
 .data.Stat     0x0000000020000000        0x1 ./Core/Src/fatfs_sd.o
 *fill*         0x0000000020000001        0x3 
 .data.SystemCoreClock
                0x0000000020000004        0x4 ./Core/Src/system_stm32f4xx.o
                0x0000000020000004                SystemCoreClock
 .data.USER_Driver
                0x0000000020000008       0x14 ./Core/Src/user_diskio.o
                0x0000000020000008                USER_Driver
 .data.uwTickPrio
                0x000000002000001c        0x4 ./Drivers/STM32F4xx_HAL_Driver/Src/stm32f4xx_hal.o
                0x000000002000001c                uwTickPrio
 .data.uwTickFreq
                0x0000000020000020        0x1 ./Drivers/STM32F4xx_HAL_Driver/Src/stm32f4xx_hal.o
                0x0000000020000020                uwTickFreq
 *fill*         0x0000000020000021        0x3 
 .data._impure_ptr
                0x0000000020000024        0x4 c:/program files/stm32cubeide_1.11.0/stm32cubeide/plugins/com.st.stm32cube.ide.mcu.externaltools.gnu-tools-for-stm32.10.3-2021.10.win32_1.0.100.202210260954/tools/bin/../lib/gcc/arm-none-eabi/10.3.1/../../../../arm-none-eabi/lib/thumb/v7e-m+fp/hard\libc_nano.a(lib_a-impure.o)
                0x0000000020000024                _impure_ptr
 .data.impure_data
                0x0000000020000028       0x60 c:/program files/stm32cubeide_1.11.0/stm32cubeide/plugins/com.st.stm32cube.ide.mcu.externaltools.gnu-tools-for-stm32.10.3-2021.10.win32_1.0.100.202210260954/tools/bin/../lib/gcc/arm-none-eabi/10.3.1/../../../../arm-none-eabi/lib/thumb/v7e-m+fp/hard\libc_nano.a(lib_a-impure.o)
 *(.RamFunc)
 *(.RamFunc*)
                0x0000000020000088                . = ALIGN (0x4)
                0x0000000020000088                _edata = .
                0x0000000008007628                _siccmram = LOADADDR (.ccmram)

.igot.plt       0x0000000020000088        0x0 load address 0x0000000008007628
 .igot.plt      0x0000000020000088        0x0 c:/program files/stm32cubeide_1.11.0/stm32cubeide/plugins/com.st.stm32cube.ide.mcu.externaltools.gnu-tools-for-stm32.10.3-2021.10.win32_1.0.100.202210260954/tools/bin/../lib/gcc/arm-none-eabi/10.3.1/thumb/v7e-m+fp/hard/crtbegin.o

.ccmram         0x0000000010000000        0x0 load address 0x0000000008007628
                0x0000000010000000                . = ALIGN (0x4)
                0x0000000010000000                _sccmram = .
 *(.ccmram)
 *(.ccmram*)
                0x0000000010000000                . = ALIGN (0x4)
                0x0000000010000000                _eccmram = .
                0x0000000010000000                . = ALIGN (0x4)

.bss            0x0000000020000088     0x21f0
                0x0000000020000088                _sbss = .
                0x0000000020000088                __bss_start__ = _sbss
 *(.bss)
 .bss           0x0000000020000088       0x1c c:/program files/stm32cubeide_1.11.0/stm32cubeide/plugins/com.st.stm32cube.ide.mcu.externaltools.gnu-tools-for-stm32.10.3-2021.10.win32_1.0.100.202210260954/tools/bin/../lib/gcc/arm-none-eabi/10.3.1/thumb/v7e-m+fp/hard/crtbegin.o
 *(.bss*)
 .bss.Timer1    0x00000000200000a4        0x2 ./Core/Src/fatfs_sd.o
                0x00000000200000a4                Timer1
 .bss.Timer2    0x00000000200000a6        0x2 ./Core/Src/fatfs_sd.o
                0x00000000200000a6                Timer2
 .bss.CardType  0x00000000200000a8        0x1 ./Core/Src/fatfs_sd.o
 .bss.PowerFlag
                0x00000000200000a9        0x1 ./Core/Src/fatfs_sd.o
 *fill*         0x00000000200000aa        0x2 
 .bss.fs        0x00000000200000ac     0x1034 ./Core/Src/main.o
                0x00000000200000ac                fs
 .bss.pfs       0x00000000200010e0        0x4 ./Core/Src/main.o
                0x00000000200010e0                pfs
 .bss.fil       0x00000000200010e4     0x1030 ./Core/Src/main.o
                0x00000000200010e4                fil
 .bss.fres      0x0000000020002114        0x1 ./Core/Src/main.o
                0x0000000020002114                fres
 *fill*         0x0000000020002115        0x3 
 .bss.fre_clust
                0x0000000020002118        0x4 ./Core/Src/main.o
                0x0000000020002118                fre_clust
 .bss.totalSpace
                0x000000002000211c        0x4 ./Core/Src/main.o
                0x000000002000211c                totalSpace
 .bss.freeSpace
                0x0000000020002120        0x4 ./Core/Src/main.o
                0x0000000020002120                freeSpace
 .bss.buffer    0x0000000020002124       0x64 ./Core/Src/main.o
                0x0000000020002124                buffer
 .bss.hspi1     0x0000000020002188       0x58 ./Core/Src/main.o
                0x0000000020002188                hspi1
 .bss.huart2    0x00000000200021e0       0x44 ./Core/Src/main.o
                0x00000000200021e0                huart2
 .bss.__sbrk_heap_end
                0x0000000020002224        0x4 ./Core/Src/sysmem.o
 .bss.uwTick    0x0000000020002228        0x4 ./Drivers/STM32F4xx_HAL_Driver/Src/stm32f4xx_hal.o
                0x0000000020002228                uwTick
 .bss.retUSER   0x000000002000222c        0x1 ./FATFS/App/fatfs.o
                0x000000002000222c                retUSER
 *fill*         0x000000002000222d        0x3 
 .bss.USERPath  0x0000000020002230        0x4 ./FATFS/App/fatfs.o
                0x0000000020002230                USERPath
 .bss.FatFs     0x0000000020002234        0x4 ./Middlewares/Third_Party/FatFs/src/ff.o
 .bss.Fsid      0x0000000020002238        0x2 ./Middlewares/Third_Party/FatFs/src/ff.o
 *fill*         0x000000002000223a        0x2 
 .bss.Files     0x000000002000223c       0x20 ./Middlewares/Third_Party/FatFs/src/ff.o
 .bss.disk      0x000000002000225c        0xc ./Middlewares/Third_Party/FatFs/src/ff_gen_drv.o
                0x000000002000225c                disk
 .bss.__malloc_free_list
                0x0000000020002268        0x4 c:/program files/stm32cubeide_1.11.0/stm32cubeide/plugins/com.st.stm32cube.ide.mcu.externaltools.gnu-tools-for-stm32.10.3-2021.10.win32_1.0.100.202210260954/tools/bin/../lib/gcc/arm-none-eabi/10.3.1/../../../../arm-none-eabi/lib/thumb/v7e-m+fp/hard\libc_nano.a(lib_a-nano-mallocr.o)
                0x0000000020002268                __malloc_free_list
 .bss.__malloc_sbrk_start
                0x000000002000226c        0x4 c:/program files/stm32cubeide_1.11.0/stm32cubeide/plugins/com.st.stm32cube.ide.mcu.externaltools.gnu-tools-for-stm32.10.3-2021.10.win32_1.0.100.202210260954/tools/bin/../lib/gcc/arm-none-eabi/10.3.1/../../../../arm-none-eabi/lib/thumb/v7e-m+fp/hard\libc_nano.a(lib_a-nano-mallocr.o)
                0x000000002000226c                __malloc_sbrk_start
 .bss.errno     0x0000000020002270        0x4 c:/program files/stm32cubeide_1.11.0/stm32cubeide/plugins/com.st.stm32cube.ide.mcu.externaltools.gnu-tools-for-stm32.10.3-2021.10.win32_1.0.100.202210260954/tools/bin/../lib/gcc/arm-none-eabi/10.3.1/../../../../arm-none-eabi/lib/thumb/v7e-m+fp/hard\libc_nano.a(lib_a-reent.o)
                0x0000000020002270                errno
 .bss.__lock___malloc_recursive_mutex
                0x0000000020002274        0x1 c:/program files/stm32cubeide_1.11.0/stm32cubeide/plugins/com.st.stm32cube.ide.mcu.externaltools.gnu-tools-for-stm32.10.3-2021.10.win32_1.0.100.202210260954/tools/bin/../lib/gcc/arm-none-eabi/10.3.1/../../../../arm-none-eabi/lib/thumb/v7e-m+fp/hard\libc_nano.a(lib_a-lock.o)
                0x0000000020002274                __lock___malloc_recursive_mutex
 *(COMMON)
                0x0000000020002278                . = ALIGN (0x4)
 *fill*         0x0000000020002275        0x3 
                0x0000000020002278                _ebss = .
                0x0000000020002278                __bss_end__ = _ebss

._user_heap_stack
                0x0000000020002278      0x600
                0x0000000020002278                . = ALIGN (0x8)
                [!provide]                        PROVIDE (end = .)
                0x0000000020002278                PROVIDE (_end = .)
                0x0000000020002478                . = (. + _Min_Heap_Size)
 *fill*         0x0000000020002278      0x200 
                0x0000000020002878                . = (. + _Min_Stack_Size)
 *fill*         0x0000000020002478      0x400 
                0x0000000020002878                . = ALIGN (0x8)

/DISCARD/
 libc.a(*)
 libm.a(*)
 libgcc.a(*)

.ARM.attributes
                0x0000000000000000       0x30
 *(.ARM.attributes)
 .ARM.attributes
                0x0000000000000000       0x1e c:/program files/stm32cubeide_1.11.0/stm32cubeide/plugins/com.st.stm32cube.ide.mcu.externaltools.gnu-tools-for-stm32.10.3-2021.10.win32_1.0.100.202210260954/tools/bin/../lib/gcc/arm-none-eabi/10.3.1/thumb/v7e-m+fp/hard/crti.o
 .ARM.attributes
                0x000000000000001e       0x34 c:/program files/stm32cubeide_1.11.0/stm32cubeide/plugins/com.st.stm32cube.ide.mcu.externaltools.gnu-tools-for-stm32.10.3-2021.10.win32_1.0.100.202210260954/tools/bin/../lib/gcc/arm-none-eabi/10.3.1/thumb/v7e-m+fp/hard/crtbegin.o
 .ARM.attributes
                0x0000000000000052       0x34 ./Core/Src/fatfs_sd.o
 .ARM.attributes
                0x0000000000000086       0x34 ./Core/Src/main.o
 .ARM.attributes
                0x00000000000000ba       0x34 ./Core/Src/stm32f4xx_hal_msp.o
 .ARM.attributes
                0x00000000000000ee       0x34 ./Core/Src/stm32f4xx_it.o
 .ARM.attributes
                0x0000000000000122       0x34 ./Core/Src/sysmem.o
 .ARM.attributes
                0x0000000000000156       0x34 ./Core/Src/system_stm32f4xx.o
 .ARM.attributes
                0x000000000000018a       0x34 ./Core/Src/user_diskio.o
 .ARM.attributes
                0x00000000000001be       0x21 ./Core/Startup/startup_stm32f407vgtx.o
 .ARM.attributes
                0x00000000000001df       0x34 ./Drivers/STM32F4xx_HAL_Driver/Src/stm32f4xx_hal.o
 .ARM.attributes
                0x0000000000000213       0x34 ./Drivers/STM32F4xx_HAL_Driver/Src/stm32f4xx_hal_cortex.o
 .ARM.attributes
                0x0000000000000247       0x34 ./Drivers/STM32F4xx_HAL_Driver/Src/stm32f4xx_hal_gpio.o
 .ARM.attributes
                0x000000000000027b       0x34 ./Drivers/STM32F4xx_HAL_Driver/Src/stm32f4xx_hal_rcc.o
 .ARM.attributes
                0x00000000000002af       0x34 ./Drivers/STM32F4xx_HAL_Driver/Src/stm32f4xx_hal_spi.o
 .ARM.attributes
                0x00000000000002e3       0x34 ./Drivers/STM32F4xx_HAL_Driver/Src/stm32f4xx_hal_uart.o
 .ARM.attributes
                0x0000000000000317       0x34 ./FATFS/App/fatfs.o
 .ARM.attributes
                0x000000000000034b       0x34 ./Middlewares/Third_Party/FatFs/src/diskio.o
 .ARM.attributes
                0x000000000000037f       0x34 ./Middlewares/Third_Party/FatFs/src/ff.o
 .ARM.attributes
                0x00000000000003b3       0x34 ./Middlewares/Third_Party/FatFs/src/ff_gen_drv.o
 .ARM.attributes
                0x00000000000003e7       0x34 c:/program files/stm32cubeide_1.11.0/stm32cubeide/plugins/com.st.stm32cube.ide.mcu.externaltools.gnu-tools-for-stm32.10.3-2021.10.win32_1.0.100.202210260954/tools/bin/../lib/gcc/arm-none-eabi/10.3.1/../../../../arm-none-eabi/lib/thumb/v7e-m+fp/hard\libc_nano.a(lib_a-errno.o)
 .ARM.attributes
                0x000000000000041b       0x34 c:/program files/stm32cubeide_1.11.0/stm32cubeide/plugins/com.st.stm32cube.ide.mcu.externaltools.gnu-tools-for-stm32.10.3-2021.10.win32_1.0.100.202210260954/tools/bin/../lib/gcc/arm-none-eabi/10.3.1/../../../../arm-none-eabi/lib/thumb/v7e-m+fp/hard\libc_nano.a(lib_a-impure.o)
 .ARM.attributes
                0x000000000000044f       0x34 c:/program files/stm32cubeide_1.11.0/stm32cubeide/plugins/com.st.stm32cube.ide.mcu.externaltools.gnu-tools-for-stm32.10.3-2021.10.win32_1.0.100.202210260954/tools/bin/../lib/gcc/arm-none-eabi/10.3.1/../../../../arm-none-eabi/lib/thumb/v7e-m+fp/hard\libc_nano.a(lib_a-init.o)
 .ARM.attributes
                0x0000000000000483       0x34 c:/program files/stm32cubeide_1.11.0/stm32cubeide/plugins/com.st.stm32cube.ide.mcu.externaltools.gnu-tools-for-stm32.10.3-2021.10.win32_1.0.100.202210260954/tools/bin/../lib/gcc/arm-none-eabi/10.3.1/../../../../arm-none-eabi/lib/thumb/v7e-m+fp/hard\libc_nano.a(lib_a-memset.o)
 .ARM.attributes
                0x00000000000004b7       0x34 c:/program files/stm32cubeide_1.11.0/stm32cubeide/plugins/com.st.stm32cube.ide.mcu.externaltools.gnu-tools-for-stm32.10.3-2021.10.win32_1.0.100.202210260954/tools/bin/../lib/gcc/arm-none-eabi/10.3.1/../../../../arm-none-eabi/lib/thumb/v7e-m+fp/hard\libc_nano.a(lib_a-sprintf.o)
 .ARM.attributes
                0x00000000000004eb       0x17 c:/program files/stm32cubeide_1.11.0/stm32cubeide/plugins/com.st.stm32cube.ide.mcu.externaltools.gnu-tools-for-stm32.10.3-2021.10.win32_1.0.100.202210260954/tools/bin/../lib/gcc/arm-none-eabi/10.3.1/../../../../arm-none-eabi/lib/thumb/v7e-m+fp/hard\libc_nano.a(lib_a-strlen.o)
 .ARM.attributes
                0x0000000000000502       0x34 c:/program files/stm32cubeide_1.11.0/stm32cubeide/plugins/com.st.stm32cube.ide.mcu.externaltools.gnu-tools-for-stm32.10.3-2021.10.win32_1.0.100.202210260954/tools/bin/../lib/gcc/arm-none-eabi/10.3.1/../../../../arm-none-eabi/lib/thumb/v7e-m+fp/hard\libc_nano.a(lib_a-nano-svfprintf.o)
 .ARM.attributes
                0x0000000000000536       0x34 c:/program files/stm32cubeide_1.11.0/stm32cubeide/plugins/com.st.stm32cube.ide.mcu.externaltools.gnu-tools-for-stm32.10.3-2021.10.win32_1.0.100.202210260954/tools/bin/../lib/gcc/arm-none-eabi/10.3.1/../../../../arm-none-eabi/lib/thumb/v7e-m+fp/hard\libc_nano.a(lib_a-nano-vfprintf_i.o)
 .ARM.attributes
                0x000000000000056a       0x1c c:/program files/stm32cubeide_1.11.0/stm32cubeide/plugins/com.st.stm32cube.ide.mcu.externaltools.gnu-tools-for-stm32.10.3-2021.10.win32_1.0.100.202210260954/tools/bin/../lib/gcc/arm-none-eabi/10.3.1/../../../../arm-none-eabi/lib/thumb/v7e-m+fp/hard\libc_nano.a(lib_a-memchr.o)
 .ARM.attributes
                0x0000000000000586       0x34 c:/program files/stm32cubeide_1.11.0/stm32cubeide/plugins/com.st.stm32cube.ide.mcu.externaltools.gnu-tools-for-stm32.10.3-2021.10.win32_1.0.100.202210260954/tools/bin/../lib/gcc/arm-none-eabi/10.3.1/../../../../arm-none-eabi/lib/thumb/v7e-m+fp/hard\libc_nano.a(lib_a-memcpy-stub.o)
 .ARM.attributes
                0x00000000000005ba       0x34 c:/program files/stm32cubeide_1.11.0/stm32cubeide/plugins/com.st.stm32cube.ide.mcu.externaltools.gnu-tools-for-stm32.10.3-2021.10.win32_1.0.100.202210260954/tools/bin/../lib/gcc/arm-none-eabi/10.3.1/../../../../arm-none-eabi/lib/thumb/v7e-m+fp/hard\libc_nano.a(lib_a-memmove.o)
 .ARM.attributes
                0x00000000000005ee       0x34 c:/program files/stm32cubeide_1.11.0/stm32cubeide/plugins/com.st.stm32cube.ide.mcu.externaltools.gnu-tools-for-stm32.10.3-2021.10.win32_1.0.100.202210260954/tools/bin/../lib/gcc/arm-none-eabi/10.3.1/../../../../arm-none-eabi/lib/thumb/v7e-m+fp/hard\libc_nano.a(lib_a-nano-freer.o)
 .ARM.attributes
                0x0000000000000622       0x34 c:/program files/stm32cubeide_1.11.0/stm32cubeide/plugins/com.st.stm32cube.ide.mcu.externaltools.gnu-tools-for-stm32.10.3-2021.10.win32_1.0.100.202210260954/tools/bin/../lib/gcc/arm-none-eabi/10.3.1/../../../../arm-none-eabi/lib/thumb/v7e-m+fp/hard\libc_nano.a(lib_a-nano-mallocr.o)
 .ARM.attributes
                0x0000000000000656       0x34 c:/program files/stm32cubeide_1.11.0/stm32cubeide/plugins/com.st.stm32cube.ide.mcu.externaltools.gnu-tools-for-stm32.10.3-2021.10.win32_1.0.100.202210260954/tools/bin/../lib/gcc/arm-none-eabi/10.3.1/../../../../arm-none-eabi/lib/thumb/v7e-m+fp/hard\libc_nano.a(lib_a-nano-reallocr.o)
 .ARM.attributes
                0x000000000000068a       0x34 c:/program files/stm32cubeide_1.11.0/stm32cubeide/plugins/com.st.stm32cube.ide.mcu.externaltools.gnu-tools-for-stm32.10.3-2021.10.win32_1.0.100.202210260954/tools/bin/../lib/gcc/arm-none-eabi/10.3.1/../../../../arm-none-eabi/lib/thumb/v7e-m+fp/hard\libc_nano.a(lib_a-sbrkr.o)
 .ARM.attributes
                0x00000000000006be       0x34 c:/program files/stm32cubeide_1.11.0/stm32cubeide/plugins/com.st.stm32cube.ide.mcu.externaltools.gnu-tools-for-stm32.10.3-2021.10.win32_1.0.100.202210260954/tools/bin/../lib/gcc/arm-none-eabi/10.3.1/../../../../arm-none-eabi/lib/thumb/v7e-m+fp/hard\libc_nano.a(lib_a-mlock.o)
 .ARM.attributes
                0x00000000000006f2       0x34 c:/program files/stm32cubeide_1.11.0/stm32cubeide/plugins/com.st.stm32cube.ide.mcu.externaltools.gnu-tools-for-stm32.10.3-2021.10.win32_1.0.100.202210260954/tools/bin/../lib/gcc/arm-none-eabi/10.3.1/../../../../arm-none-eabi/lib/thumb/v7e-m+fp/hard\libc_nano.a(lib_a-nano-msizer.o)
 .ARM.attributes
                0x0000000000000726       0x34 c:/program files/stm32cubeide_1.11.0/stm32cubeide/plugins/com.st.stm32cube.ide.mcu.externaltools.gnu-tools-for-stm32.10.3-2021.10.win32_1.0.100.202210260954/tools/bin/../lib/gcc/arm-none-eabi/10.3.1/../../../../arm-none-eabi/lib/thumb/v7e-m+fp/hard\libc_nano.a(lib_a-reent.o)
 .ARM.attributes
                0x000000000000075a       0x34 c:/program files/stm32cubeide_1.11.0/stm32cubeide/plugins/com.st.stm32cube.ide.mcu.externaltools.gnu-tools-for-stm32.10.3-2021.10.win32_1.0.100.202210260954/tools/bin/../lib/gcc/arm-none-eabi/10.3.1/../../../../arm-none-eabi/lib/thumb/v7e-m+fp/hard\libc_nano.a(lib_a-lock.o)
 .ARM.attributes
                0x000000000000078e       0x1e c:/program files/stm32cubeide_1.11.0/stm32cubeide/plugins/com.st.stm32cube.ide.mcu.externaltools.gnu-tools-for-stm32.10.3-2021.10.win32_1.0.100.202210260954/tools/bin/../lib/gcc/arm-none-eabi/10.3.1/thumb/v7e-m+fp/hard\libgcc.a(_arm_muldf3.o)
 .ARM.attributes
                0x00000000000007ac       0x1e c:/program files/stm32cubeide_1.11.0/stm32cubeide/plugins/com.st.stm32cube.ide.mcu.externaltools.gnu-tools-for-stm32.10.3-2021.10.win32_1.0.100.202210260954/tools/bin/../lib/gcc/arm-none-eabi/10.3.1/thumb/v7e-m+fp/hard\libgcc.a(_arm_addsubdf3.o)
 .ARM.attributes
                0x00000000000007ca       0x1e c:/program files/stm32cubeide_1.11.0/stm32cubeide/plugins/com.st.stm32cube.ide.mcu.externaltools.gnu-tools-for-stm32.10.3-2021.10.win32_1.0.100.202210260954/tools/bin/../lib/gcc/arm-none-eabi/10.3.1/thumb/v7e-m+fp/hard\libgcc.a(_arm_fixunsdfsi.o)
 .ARM.attributes
                0x00000000000007e8       0x1e c:/program files/stm32cubeide_1.11.0/stm32cubeide/plugins/com.st.stm32cube.ide.mcu.externaltools.gnu-tools-for-stm32.10.3-2021.10.win32_1.0.100.202210260954/tools/bin/../lib/gcc/arm-none-eabi/10.3.1/thumb/v7e-m+fp/hard\libgcc.a(_aeabi_uldivmod.o)
 .ARM.attributes
                0x0000000000000806       0x34 c:/program files/stm32cubeide_1.11.0/stm32cubeide/plugins/com.st.stm32cube.ide.mcu.externaltools.gnu-tools-for-stm32.10.3-2021.10.win32_1.0.100.202210260954/tools/bin/../lib/gcc/arm-none-eabi/10.3.1/thumb/v7e-m+fp/hard\libgcc.a(_udivmoddi4.o)
 .ARM.attributes
                0x000000000000083a       0x1e c:/program files/stm32cubeide_1.11.0/stm32cubeide/plugins/com.st.stm32cube.ide.mcu.externaltools.gnu-tools-for-stm32.10.3-2021.10.win32_1.0.100.202210260954/tools/bin/../lib/gcc/arm-none-eabi/10.3.1/thumb/v7e-m+fp/hard\libgcc.a(_dvmd_tls.o)
 .ARM.attributes
                0x0000000000000858       0x1e c:/program files/stm32cubeide_1.11.0/stm32cubeide/plugins/com.st.stm32cube.ide.mcu.externaltools.gnu-tools-for-stm32.10.3-2021.10.win32_1.0.100.202210260954/tools/bin/../lib/gcc/arm-none-eabi/10.3.1/thumb/v7e-m+fp/hard/crtn.o
OUTPUT(SDcardSPI.elf elf32-littlearm)
LOAD linker stubs
LOAD c:/program files/stm32cubeide_1.11.0/stm32cubeide/plugins/com.st.stm32cube.ide.mcu.externaltools.gnu-tools-for-stm32.10.3-2021.10.win32_1.0.100.202210260954/tools/bin/../lib/gcc/arm-none-eabi/10.3.1/../../../../arm-none-eabi/lib/thumb/v7e-m+fp/hard\libc.a
LOAD c:/program files/stm32cubeide_1.11.0/stm32cubeide/plugins/com.st.stm32cube.ide.mcu.externaltools.gnu-tools-for-stm32.10.3-2021.10.win32_1.0.100.202210260954/tools/bin/../lib/gcc/arm-none-eabi/10.3.1/../../../../arm-none-eabi/lib/thumb/v7e-m+fp/hard\libm.a
LOAD c:/program files/stm32cubeide_1.11.0/stm32cubeide/plugins/com.st.stm32cube.ide.mcu.externaltools.gnu-tools-for-stm32.10.3-2021.10.win32_1.0.100.202210260954/tools/bin/../lib/gcc/arm-none-eabi/10.3.1/thumb/v7e-m+fp/hard\libgcc.a

.debug_info     0x0000000000000000     0xdbe9
 .debug_info    0x0000000000000000      0xcdb ./Core/Src/fatfs_sd.o
 .debug_info    0x0000000000000cdb     0x144d ./Core/Src/main.o
 .debug_info    0x0000000000002128      0xc98 ./Core/Src/stm32f4xx_hal_msp.o
 .debug_info    0x0000000000002dc0      0x15a ./Core/Src/stm32f4xx_it.o
 .debug_info    0x0000000000002f1a      0x171 ./Core/Src/sysmem.o
 .debug_info    0x000000000000308b      0x523 ./Core/Src/system_stm32f4xx.o
 .debug_info    0x00000000000035ae      0x3d2 ./Core/Src/user_diskio.o
 .debug_info    0x0000000000003980       0x22 ./Core/Startup/startup_stm32f407vgtx.o
 .debug_info    0x00000000000039a2      0x97c ./Drivers/STM32F4xx_HAL_Driver/Src/stm32f4xx_hal.o
 .debug_info    0x000000000000431e      0xe1b ./Drivers/STM32F4xx_HAL_Driver/Src/stm32f4xx_hal_cortex.o
 .debug_info    0x0000000000005139      0x76a ./Drivers/STM32F4xx_HAL_Driver/Src/stm32f4xx_hal_gpio.o
 .debug_info    0x00000000000058a3      0x966 ./Drivers/STM32F4xx_HAL_Driver/Src/stm32f4xx_hal_rcc.o
 .debug_info    0x0000000000006209     0x1758 ./Drivers/STM32F4xx_HAL_Driver/Src/stm32f4xx_hal_spi.o
 .debug_info    0x0000000000007961     0x31bc ./Drivers/STM32F4xx_HAL_Driver/Src/stm32f4xx_hal_uart.o
 .debug_info    0x000000000000ab1d      0x507 ./FATFS/App/fatfs.o
 .debug_info    0x000000000000b024      0x412 ./Middlewares/Third_Party/FatFs/src/diskio.o
 .debug_info    0x000000000000b436     0x240a ./Middlewares/Third_Party/FatFs/src/ff.o
 .debug_info    0x000000000000d840      0x3a9 ./Middlewares/Third_Party/FatFs/src/ff_gen_drv.o

.debug_abbrev   0x0000000000000000     0x2145
 .debug_abbrev  0x0000000000000000      0x2d7 ./Core/Src/fatfs_sd.o
 .debug_abbrev  0x00000000000002d7      0x32f ./Core/Src/main.o
 .debug_abbrev  0x0000000000000606      0x1b0 ./Core/Src/stm32f4xx_hal_msp.o
 .debug_abbrev  0x00000000000007b6       0xa9 ./Core/Src/stm32f4xx_it.o
 .debug_abbrev  0x000000000000085f       0xbb ./Core/Src/sysmem.o
 .debug_abbrev  0x000000000000091a      0x116 ./Core/Src/system_stm32f4xx.o
 .debug_abbrev  0x0000000000000a30      0x13f ./Core/Src/user_diskio.o
 .debug_abbrev  0x0000000000000b6f       0x12 ./Core/Startup/startup_stm32f407vgtx.o
 .debug_abbrev  0x0000000000000b81      0x20d ./Drivers/STM32F4xx_HAL_Driver/Src/stm32f4xx_hal.o
 .debug_abbrev  0x0000000000000d8e      0x316 ./Drivers/STM32F4xx_HAL_Driver/Src/stm32f4xx_hal_cortex.o
 .debug_abbrev  0x00000000000010a4      0x1c4 ./Drivers/STM32F4xx_HAL_Driver/Src/stm32f4xx_hal_gpio.o
 .debug_abbrev  0x0000000000001268      0x2aa ./Drivers/STM32F4xx_HAL_Driver/Src/stm32f4xx_hal_rcc.o
 .debug_abbrev  0x0000000000001512      0x26e ./Drivers/STM32F4xx_HAL_Driver/Src/stm32f4xx_hal_spi.o
 .debug_abbrev  0x0000000000001780      0x2f4 ./Drivers/STM32F4xx_HAL_Driver/Src/stm32f4xx_hal_uart.o
 .debug_abbrev  0x0000000000001a74      0x15a ./FATFS/App/fatfs.o
 .debug_abbrev  0x0000000000001bce      0x178 ./Middlewares/Third_Party/FatFs/src/diskio.o
 .debug_abbrev  0x0000000000001d46      0x269 ./Middlewares/Third_Party/FatFs/src/ff.o
 .debug_abbrev  0x0000000000001faf      0x196 ./Middlewares/Third_Party/FatFs/src/ff_gen_drv.o

.debug_aranges  0x0000000000000000      0xbb8
 .debug_aranges
                0x0000000000000000       0xa8 ./Core/Src/fatfs_sd.o
 .debug_aranges
                0x00000000000000a8       0x50 ./Core/Src/main.o
 .debug_aranges
                0x00000000000000f8       0x40 ./Core/Src/stm32f4xx_hal_msp.o
 .debug_aranges
                0x0000000000000138       0x60 ./Core/Src/stm32f4xx_it.o
 .debug_aranges
                0x0000000000000198       0x20 ./Core/Src/sysmem.o
 .debug_aranges
                0x00000000000001b8       0x28 ./Core/Src/system_stm32f4xx.o
 .debug_aranges
                0x00000000000001e0       0x40 ./Core/Src/user_diskio.o
 .debug_aranges
                0x0000000000000220       0x28 ./Core/Startup/startup_stm32f407vgtx.o
 .debug_aranges
                0x0000000000000248       0xf0 ./Drivers/STM32F4xx_HAL_Driver/Src/stm32f4xx_hal.o
 .debug_aranges
                0x0000000000000338      0x118 ./Drivers/STM32F4xx_HAL_Driver/Src/stm32f4xx_hal_cortex.o
 .debug_aranges
                0x0000000000000450       0x58 ./Drivers/STM32F4xx_HAL_Driver/Src/stm32f4xx_hal_gpio.o
 .debug_aranges
                0x00000000000004a8       0x88 ./Drivers/STM32F4xx_HAL_Driver/Src/stm32f4xx_hal_rcc.o
 .debug_aranges
                0x0000000000000530      0x1d0 ./Drivers/STM32F4xx_HAL_Driver/Src/stm32f4xx_hal_spi.o
 .debug_aranges
                0x0000000000000700      0x200 ./Drivers/STM32F4xx_HAL_Driver/Src/stm32f4xx_hal_uart.o
 .debug_aranges
                0x0000000000000900       0x28 ./FATFS/App/fatfs.o
 .debug_aranges
                0x0000000000000928       0x48 ./Middlewares/Third_Party/FatFs/src/diskio.o
 .debug_aranges
                0x0000000000000970      0x208 ./Middlewares/Third_Party/FatFs/src/ff.o
 .debug_aranges
                0x0000000000000b78       0x40 ./Middlewares/Third_Party/FatFs/src/ff_gen_drv.o

.debug_ranges   0x0000000000000000      0xad0
 .debug_ranges  0x0000000000000000       0x98 ./Core/Src/fatfs_sd.o
 .debug_ranges  0x0000000000000098       0x40 ./Core/Src/main.o
 .debug_ranges  0x00000000000000d8       0x30 ./Core/Src/stm32f4xx_hal_msp.o
 .debug_ranges  0x0000000000000108       0x50 ./Core/Src/stm32f4xx_it.o
 .debug_ranges  0x0000000000000158       0x10 ./Core/Src/sysmem.o
 .debug_ranges  0x0000000000000168       0x18 ./Core/Src/system_stm32f4xx.o
 .debug_ranges  0x0000000000000180       0x30 ./Core/Src/user_diskio.o
 .debug_ranges  0x00000000000001b0       0x20 ./Core/Startup/startup_stm32f407vgtx.o
 .debug_ranges  0x00000000000001d0       0xe0 ./Drivers/STM32F4xx_HAL_Driver/Src/stm32f4xx_hal.o
 .debug_ranges  0x00000000000002b0      0x108 ./Drivers/STM32F4xx_HAL_Driver/Src/stm32f4xx_hal_cortex.o
 .debug_ranges  0x00000000000003b8       0x48 ./Drivers/STM32F4xx_HAL_Driver/Src/stm32f4xx_hal_gpio.o
 .debug_ranges  0x0000000000000400       0x78 ./Drivers/STM32F4xx_HAL_Driver/Src/stm32f4xx_hal_rcc.o
 .debug_ranges  0x0000000000000478      0x1c0 ./Drivers/STM32F4xx_HAL_Driver/Src/stm32f4xx_hal_spi.o
 .debug_ranges  0x0000000000000638      0x220 ./Drivers/STM32F4xx_HAL_Driver/Src/stm32f4xx_hal_uart.o
 .debug_ranges  0x0000000000000858       0x18 ./FATFS/App/fatfs.o
 .debug_ranges  0x0000000000000870       0x38 ./Middlewares/Third_Party/FatFs/src/diskio.o
 .debug_ranges  0x00000000000008a8      0x1f8 ./Middlewares/Third_Party/FatFs/src/ff.o
 .debug_ranges  0x0000000000000aa0       0x30 ./Middlewares/Third_Party/FatFs/src/ff_gen_drv.o

.debug_macro    0x0000000000000000    0x220b5
 .debug_macro   0x0000000000000000      0x1f7 ./Core/Src/fatfs_sd.o
 .debug_macro   0x00000000000001f7      0xa78 ./Core/Src/fatfs_sd.o
 .debug_macro   0x0000000000000c6f      0x29b ./Core/Src/fatfs_sd.o
 .debug_macro   0x0000000000000f0a       0x2e ./Core/Src/fatfs_sd.o
 .debug_macro   0x0000000000000f38       0x2f ./Core/Src/fatfs_sd.o
 .debug_macro   0x0000000000000f67       0x22 ./Core/Src/fatfs_sd.o
 .debug_macro   0x0000000000000f89       0x8e ./Core/Src/fatfs_sd.o
 .debug_macro   0x0000000000001017       0x51 ./Core/Src/fatfs_sd.o
 .debug_macro   0x0000000000001068      0x103 ./Core/Src/fatfs_sd.o
 .debug_macro   0x000000000000116b       0x6a ./Core/Src/fatfs_sd.o
 .debug_macro   0x00000000000011d5      0x1df ./Core/Src/fatfs_sd.o
 .debug_macro   0x00000000000013b4       0x1c ./Core/Src/fatfs_sd.o
 .debug_macro   0x00000000000013d0       0x22 ./Core/Src/fatfs_sd.o
 .debug_macro   0x00000000000013f2       0xd9 ./Core/Src/fatfs_sd.o
 .debug_macro   0x00000000000014cb     0x102d ./Core/Src/fatfs_sd.o
 .debug_macro   0x00000000000024f8      0x11f ./Core/Src/fatfs_sd.o
 .debug_macro   0x0000000000002617    0x15e82 ./Core/Src/fatfs_sd.o
 .debug_macro   0x0000000000018499       0x6d ./Core/Src/fatfs_sd.o
 .debug_macro   0x0000000000018506     0x367e ./Core/Src/fatfs_sd.o
 .debug_macro   0x000000000001bb84      0x174 ./Core/Src/fatfs_sd.o
 .debug_macro   0x000000000001bcf8       0x5c ./Core/Src/fatfs_sd.o
 .debug_macro   0x000000000001bd54      0x96b ./Core/Src/fatfs_sd.o
 .debug_macro   0x000000000001c6bf      0x9fe ./Core/Src/fatfs_sd.o
 .debug_macro   0x000000000001d0bd      0x115 ./Core/Src/fatfs_sd.o
 .debug_macro   0x000000000001d1d2      0x13e ./Core/Src/fatfs_sd.o
 .debug_macro   0x000000000001d310       0xa5 ./Core/Src/fatfs_sd.o
 .debug_macro   0x000000000001d3b5      0x174 ./Core/Src/fatfs_sd.o
 .debug_macro   0x000000000001d529      0x287 ./Core/Src/fatfs_sd.o
 .debug_macro   0x000000000001d7b0       0x5f ./Core/Src/fatfs_sd.o
 .debug_macro   0x000000000001d80f      0x236 ./Core/Src/fatfs_sd.o
 .debug_macro   0x000000000001da45      0x12c ./Core/Src/fatfs_sd.o
 .debug_macro   0x000000000001db71      0x21e ./Core/Src/fatfs_sd.o
 .debug_macro   0x000000000001dd8f       0x2e ./Core/Src/fatfs_sd.o
 .debug_macro   0x000000000001ddbd      0x11a ./Core/Src/fatfs_sd.o
 .debug_macro   0x000000000001ded7       0x7e ./Core/Src/fatfs_sd.o
 .debug_macro   0x000000000001df55       0x89 ./Core/Src/fatfs_sd.o
 .debug_macro   0x000000000001dfde      0x225 ./Core/Src/fatfs_sd.o
 .debug_macro   0x000000000001e203      0x295 ./Core/Src/fatfs_sd.o
 .debug_macro   0x000000000001e498      0x12d ./Core/Src/fatfs_sd.o
 .debug_macro   0x000000000001e5c5       0x16 ./Core/Src/fatfs_sd.o
 .debug_macro   0x000000000001e5db       0x7c ./Core/Src/fatfs_sd.o
 .debug_macro   0x000000000001e657       0x9a ./Core/Src/fatfs_sd.o
 .debug_macro   0x000000000001e6f1      0x3e7 ./Core/Src/main.o
 .debug_macro   0x000000000001ead8       0xeb ./Core/Src/main.o
 .debug_macro   0x000000000001ebc3       0x1e ./Core/Src/main.o
 .debug_macro   0x000000000001ebe1       0x52 ./Core/Src/main.o
 .debug_macro   0x000000000001ec33       0x3c ./Core/Src/main.o
 .debug_macro   0x000000000001ec6f       0x34 ./Core/Src/main.o
 .debug_macro   0x000000000001eca3       0x16 ./Core/Src/main.o
 .debug_macro   0x000000000001ecb9       0x35 ./Core/Src/main.o
 .debug_macro   0x000000000001ecee       0x16 ./Core/Src/main.o
 .debug_macro   0x000000000001ed04       0x43 ./Core/Src/main.o
 .debug_macro   0x000000000001ed47       0x34 ./Core/Src/main.o
 .debug_macro   0x000000000001ed7b       0x10 ./Core/Src/main.o
 .debug_macro   0x000000000001ed8b       0x58 ./Core/Src/main.o
 .debug_macro   0x000000000001ede3       0x71 ./Core/Src/main.o
 .debug_macro   0x000000000001ee54       0x1c ./Core/Src/main.o
 .debug_macro   0x000000000001ee70      0x12a ./Core/Src/main.o
 .debug_macro   0x000000000001ef9a      0x341 ./Core/Src/main.o
 .debug_macro   0x000000000001f2db       0x16 ./Core/Src/main.o
 .debug_macro   0x000000000001f2f1       0x29 ./Core/Src/main.o
 .debug_macro   0x000000000001f31a       0x12 ./Core/Src/main.o
 .debug_macro   0x000000000001f32c       0xe2 ./Core/Src/main.o
 .debug_macro   0x000000000001f40e       0x8e ./Core/Src/main.o
 .debug_macro   0x000000000001f49c       0x16 ./Core/Src/main.o
 .debug_macro   0x000000000001f4b2       0x20 ./Core/Src/main.o
 .debug_macro   0x000000000001f4d2       0x1c ./Core/Src/main.o
 .debug_macro   0x000000000001f4ee       0x10 ./Core/Src/main.o
 .debug_macro   0x000000000001f4fe       0x10 ./Core/Src/main.o
 .debug_macro   0x000000000001f50e       0x1c ./Core/Src/main.o
 .debug_macro   0x000000000001f52a       0x52 ./Core/Src/main.o
 .debug_macro   0x000000000001f57c       0x22 ./Core/Src/main.o
 .debug_macro   0x000000000001f59e       0x10 ./Core/Src/main.o
 .debug_macro   0x000000000001f5ae       0x52 ./Core/Src/main.o
 .debug_macro   0x000000000001f600       0xd5 ./Core/Src/main.o
 .debug_macro   0x000000000001f6d5       0x1c ./Core/Src/main.o
 .debug_macro   0x000000000001f6f1       0x3d ./Core/Src/main.o
 .debug_macro   0x000000000001f72e       0x16 ./Core/Src/main.o
 .debug_macro   0x000000000001f744      0x145 ./Core/Src/main.o
 .debug_macro   0x000000000001f889      0x1ce ./Core/Src/stm32f4xx_hal_msp.o
 .debug_macro   0x000000000001fa57      0x1d8 ./Core/Src/stm32f4xx_it.o
 .debug_macro   0x000000000001fc2f       0xff ./Core/Src/sysmem.o
 .debug_macro   0x000000000001fd2e      0x23b ./Core/Src/sysmem.o
 .debug_macro   0x000000000001ff69      0x1c4 ./Core/Src/system_stm32f4xx.o
 .debug_macro   0x000000000002012d      0x319 ./Core/Src/user_diskio.o
 .debug_macro   0x0000000000020446       0x10 ./Core/Src/user_diskio.o
 .debug_macro   0x0000000000020456       0x56 ./Core/Src/user_diskio.o
 .debug_macro   0x00000000000204ac       0xe5 ./Core/Src/user_diskio.o
 .debug_macro   0x0000000000020591      0x224 ./Drivers/STM32F4xx_HAL_Driver/Src/stm32f4xx_hal.o
 .debug_macro   0x00000000000207b5      0x1c4 ./Drivers/STM32F4xx_HAL_Driver/Src/stm32f4xx_hal_cortex.o
 .debug_macro   0x0000000000020979      0x1ca ./Drivers/STM32F4xx_HAL_Driver/Src/stm32f4xx_hal_gpio.o
 .debug_macro   0x0000000000020b43      0x1e8 ./Drivers/STM32F4xx_HAL_Driver/Src/stm32f4xx_hal_rcc.o
 .debug_macro   0x0000000000020d2b      0x1d3 ./Drivers/STM32F4xx_HAL_Driver/Src/stm32f4xx_hal_spi.o
 .debug_macro   0x0000000000020efe      0x1c5 ./Drivers/STM32F4xx_HAL_Driver/Src/stm32f4xx_hal_uart.o
 .debug_macro   0x00000000000210c3      0x2f3 ./FATFS/App/fatfs.o
 .debug_macro   0x00000000000213b6      0x2e0 ./Middlewares/Third_Party/FatFs/src/diskio.o
 .debug_macro   0x0000000000021696      0x6e7 ./Middlewares/Third_Party/FatFs/src/ff.o
 .debug_macro   0x0000000000021d7d       0x58 ./Middlewares/Third_Party/FatFs/src/ff.o
 .debug_macro   0x0000000000021dd5      0x2e0 ./Middlewares/Third_Party/FatFs/src/ff_gen_drv.o

.debug_line     0x0000000000000000    0x1053e
 .debug_line    0x0000000000000000      0xdea ./Core/Src/fatfs_sd.o
 .debug_line    0x0000000000000dea      0xbd5 ./Core/Src/main.o
 .debug_line    0x00000000000019bf      0x770 ./Core/Src/stm32f4xx_hal_msp.o
 .debug_line    0x000000000000212f      0x7ab ./Core/Src/stm32f4xx_it.o
 .debug_line    0x00000000000028da      0x52b ./Core/Src/sysmem.o
 .debug_line    0x0000000000002e05      0x757 ./Core/Src/system_stm32f4xx.o
 .debug_line    0x000000000000355c      0x93d ./Core/Src/user_diskio.o
 .debug_line    0x0000000000003e99       0x88 ./Core/Startup/startup_stm32f407vgtx.o
 .debug_line    0x0000000000003f21      0x9bd ./Drivers/STM32F4xx_HAL_Driver/Src/stm32f4xx_hal.o
 .debug_line    0x00000000000048de      0xc6c ./Drivers/STM32F4xx_HAL_Driver/Src/stm32f4xx_hal_cortex.o
 .debug_line    0x000000000000554a      0xb31 ./Drivers/STM32F4xx_HAL_Driver/Src/stm32f4xx_hal_gpio.o
 .debug_line    0x000000000000607b      0xd39 ./Drivers/STM32F4xx_HAL_Driver/Src/stm32f4xx_hal_rcc.o
 .debug_line    0x0000000000006db4     0x1c47 ./Drivers/STM32F4xx_HAL_Driver/Src/stm32f4xx_hal_spi.o
 .debug_line    0x00000000000089fb     0x2a62 ./Drivers/STM32F4xx_HAL_Driver/Src/stm32f4xx_hal_uart.o
 .debug_line    0x000000000000b45d      0x8cd ./FATFS/App/fatfs.o
 .debug_line    0x000000000000bd2a      0x93c ./Middlewares/Third_Party/FatFs/src/diskio.o
 .debug_line    0x000000000000c666     0x357e ./Middlewares/Third_Party/FatFs/src/ff.o
 .debug_line    0x000000000000fbe4      0x95a ./Middlewares/Third_Party/FatFs/src/ff_gen_drv.o

.debug_str      0x0000000000000000    0xc6288
 .debug_str     0x0000000000000000    0xbe232 ./Core/Src/fatfs_sd.o
                                      0xbe53b (size before relaxing)
 .debug_str     0x00000000000be232     0x4a61 ./Core/Src/main.o
                                      0xc2e0e (size before relaxing)
 .debug_str     0x00000000000c2c93       0xaa ./Core/Src/stm32f4xx_hal_msp.o
                                      0xbe34b (size before relaxing)
 .debug_str     0x00000000000c2d3d       0xe0 ./Core/Src/stm32f4xx_it.o
                                      0xbdc45 (size before relaxing)
 .debug_str     0x00000000000c2e1d      0x4da ./Core/Src/sysmem.o
                                       0x5db1 (size before relaxing)
 .debug_str     0x00000000000c32f7       0xdb ./Core/Src/system_stm32f4xx.o
                                      0xbdd36 (size before relaxing)
 .debug_str     0x00000000000c33d2       0x74 ./Core/Src/user_diskio.o
                                      0xc1337 (size before relaxing)
 .debug_str     0x00000000000c3446       0x36 ./Core/Startup/startup_stm32f407vgtx.o
                                         0x73 (size before relaxing)
 .debug_str     0x00000000000c347c      0xad6 ./Drivers/STM32F4xx_HAL_Driver/Src/stm32f4xx_hal.o
                                      0xbe8ba (size before relaxing)
 .debug_str     0x00000000000c3f52      0x33d ./Drivers/STM32F4xx_HAL_Driver/Src/stm32f4xx_hal_cortex.o
                                      0xbe5ed (size before relaxing)
 .debug_str     0x00000000000c428f      0x121 ./Drivers/STM32F4xx_HAL_Driver/Src/stm32f4xx_hal_gpio.o
                                      0xbdeb1 (size before relaxing)
 .debug_str     0x00000000000c43b0      0x233 ./Drivers/STM32F4xx_HAL_Driver/Src/stm32f4xx_hal_rcc.o
                                      0xbe16a (size before relaxing)
 .debug_str     0x00000000000c45e3      0x574 ./Drivers/STM32F4xx_HAL_Driver/Src/stm32f4xx_hal_spi.o
                                      0xbe5fa (size before relaxing)
 .debug_str     0x00000000000c4b57      0x5f3 ./Drivers/STM32F4xx_HAL_Driver/Src/stm32f4xx_hal_uart.o
                                      0xbe709 (size before relaxing)
 .debug_str     0x00000000000c514a       0x56 ./FATFS/App/fatfs.o
                                      0xc11fb (size before relaxing)
 .debug_str     0x00000000000c51a0       0x52 ./Middlewares/Third_Party/FatFs/src/diskio.o
                                      0xc1104 (size before relaxing)
 .debug_str     0x00000000000c51f2     0x1005 ./Middlewares/Third_Party/FatFs/src/ff.o
                                      0xc236b (size before relaxing)
 .debug_str     0x00000000000c61f7       0x91 ./Middlewares/Third_Party/FatFs/src/ff_gen_drv.o
                                      0xc1155 (size before relaxing)

.comment        0x0000000000000000       0x50
 .comment       0x0000000000000000       0x50 ./Core/Src/fatfs_sd.o
                                         0x51 (size before relaxing)
 .comment       0x0000000000000050       0x51 ./Core/Src/main.o
 .comment       0x0000000000000050       0x51 ./Core/Src/stm32f4xx_hal_msp.o
 .comment       0x0000000000000050       0x51 ./Core/Src/stm32f4xx_it.o
 .comment       0x0000000000000050       0x51 ./Core/Src/sysmem.o
 .comment       0x0000000000000050       0x51 ./Core/Src/system_stm32f4xx.o
 .comment       0x0000000000000050       0x51 ./Core/Src/user_diskio.o
 .comment       0x0000000000000050       0x51 ./Drivers/STM32F4xx_HAL_Driver/Src/stm32f4xx_hal.o
 .comment       0x0000000000000050       0x51 ./Drivers/STM32F4xx_HAL_Driver/Src/stm32f4xx_hal_cortex.o
 .comment       0x0000000000000050       0x51 ./Drivers/STM32F4xx_HAL_Driver/Src/stm32f4xx_hal_gpio.o
 .comment       0x0000000000000050       0x51 ./Drivers/STM32F4xx_HAL_Driver/Src/stm32f4xx_hal_rcc.o
 .comment       0x0000000000000050       0x51 ./Drivers/STM32F4xx_HAL_Driver/Src/stm32f4xx_hal_spi.o
 .comment       0x0000000000000050       0x51 ./Drivers/STM32F4xx_HAL_Driver/Src/stm32f4xx_hal_uart.o
 .comment       0x0000000000000050       0x51 ./FATFS/App/fatfs.o
 .comment       0x0000000000000050       0x51 ./Middlewares/Third_Party/FatFs/src/diskio.o
 .comment       0x0000000000000050       0x51 ./Middlewares/Third_Party/FatFs/src/ff.o
 .comment       0x0000000000000050       0x51 ./Middlewares/Third_Party/FatFs/src/ff_gen_drv.o

.debug_frame    0x0000000000000000     0x3438
 .debug_frame   0x0000000000000000      0x28c ./Core/Src/fatfs_sd.o
 .debug_frame   0x000000000000028c       0xec ./Core/Src/main.o
 .debug_frame   0x0000000000000378       0xc4 ./Core/Src/stm32f4xx_hal_msp.o
 .debug_frame   0x000000000000043c      0x104 ./Core/Src/stm32f4xx_it.o
 .debug_frame   0x0000000000000540       0x34 ./Core/Src/sysmem.o
 .debug_frame   0x0000000000000574       0x58 ./Core/Src/system_stm32f4xx.o
 .debug_frame   0x00000000000005cc       0xc4 ./Core/Src/user_diskio.o
 .debug_frame   0x0000000000000690      0x374 ./Drivers/STM32F4xx_HAL_Driver/Src/stm32f4xx_hal.o
 .debug_frame   0x0000000000000a04      0x498 ./Drivers/STM32F4xx_HAL_Driver/Src/stm32f4xx_hal_cortex.o
 .debug_frame   0x0000000000000e9c      0x14c ./Drivers/STM32F4xx_HAL_Driver/Src/stm32f4xx_hal_gpio.o
 .debug_frame   0x0000000000000fe8      0x1f4 ./Drivers/STM32F4xx_HAL_Driver/Src/stm32f4xx_hal_rcc.o
 .debug_frame   0x00000000000011dc      0x824 ./Drivers/STM32F4xx_HAL_Driver/Src/stm32f4xx_hal_spi.o
 .debug_frame   0x0000000000001a00      0x92c ./Drivers/STM32F4xx_HAL_Driver/Src/stm32f4xx_hal_uart.o
 .debug_frame   0x000000000000232c       0x4c ./FATFS/App/fatfs.o
 .debug_frame   0x0000000000002378       0xec ./Middlewares/Third_Party/FatFs/src/diskio.o
 .debug_frame   0x0000000000002464      0x94c ./Middlewares/Third_Party/FatFs/src/ff.o
 .debug_frame   0x0000000000002db0       0xc8 ./Middlewares/Third_Party/FatFs/src/ff_gen_drv.o
 .debug_frame   0x0000000000002e78       0x20 c:/program files/stm32cubeide_1.11.0/stm32cubeide/plugins/com.st.stm32cube.ide.mcu.externaltools.gnu-tools-for-stm32.10.3-2021.10.win32_1.0.100.202210260954/tools/bin/../lib/gcc/arm-none-eabi/10.3.1/../../../../arm-none-eabi/lib/thumb/v7e-m+fp/hard\libc_nano.a(lib_a-errno.o)
 .debug_frame   0x0000000000002e98       0x2c c:/program files/stm32cubeide_1.11.0/stm32cubeide/plugins/com.st.stm32cube.ide.mcu.externaltools.gnu-tools-for-stm32.10.3-2021.10.win32_1.0.100.202210260954/tools/bin/../lib/gcc/arm-none-eabi/10.3.1/../../../../arm-none-eabi/lib/thumb/v7e-m+fp/hard\libc_nano.a(lib_a-init.o)
 .debug_frame   0x0000000000002ec4       0x20 c:/program files/stm32cubeide_1.11.0/stm32cubeide/plugins/com.st.stm32cube.ide.mcu.externaltools.gnu-tools-for-stm32.10.3-2021.10.win32_1.0.100.202210260954/tools/bin/../lib/gcc/arm-none-eabi/10.3.1/../../../../arm-none-eabi/lib/thumb/v7e-m+fp/hard\libc_nano.a(lib_a-memset.o)
 .debug_frame   0x0000000000002ee4       0x6c c:/program files/stm32cubeide_1.11.0/stm32cubeide/plugins/com.st.stm32cube.ide.mcu.externaltools.gnu-tools-for-stm32.10.3-2021.10.win32_1.0.100.202210260954/tools/bin/../lib/gcc/arm-none-eabi/10.3.1/../../../../arm-none-eabi/lib/thumb/v7e-m+fp/hard\libc_nano.a(lib_a-sprintf.o)
 .debug_frame   0x0000000000002f50       0x90 c:/program files/stm32cubeide_1.11.0/stm32cubeide/plugins/com.st.stm32cube.ide.mcu.externaltools.gnu-tools-for-stm32.10.3-2021.10.win32_1.0.100.202210260954/tools/bin/../lib/gcc/arm-none-eabi/10.3.1/../../../../arm-none-eabi/lib/thumb/v7e-m+fp/hard\libc_nano.a(lib_a-nano-svfprintf.o)
 .debug_frame   0x0000000000002fe0       0x60 c:/program files/stm32cubeide_1.11.0/stm32cubeide/plugins/com.st.stm32cube.ide.mcu.externaltools.gnu-tools-for-stm32.10.3-2021.10.win32_1.0.100.202210260954/tools/bin/../lib/gcc/arm-none-eabi/10.3.1/../../../../arm-none-eabi/lib/thumb/v7e-m+fp/hard\libc_nano.a(lib_a-nano-vfprintf_i.o)
 .debug_frame   0x0000000000003040       0x28 c:/program files/stm32cubeide_1.11.0/stm32cubeide/plugins/com.st.stm32cube.ide.mcu.externaltools.gnu-tools-for-stm32.10.3-2021.10.win32_1.0.100.202210260954/tools/bin/../lib/gcc/arm-none-eabi/10.3.1/../../../../arm-none-eabi/lib/thumb/v7e-m+fp/hard\libc_nano.a(lib_a-memcpy-stub.o)
 .debug_frame   0x0000000000003068       0x28 c:/program files/stm32cubeide_1.11.0/stm32cubeide/plugins/com.st.stm32cube.ide.mcu.externaltools.gnu-tools-for-stm32.10.3-2021.10.win32_1.0.100.202210260954/tools/bin/../lib/gcc/arm-none-eabi/10.3.1/../../../../arm-none-eabi/lib/thumb/v7e-m+fp/hard\libc_nano.a(lib_a-memmove.o)
 .debug_frame   0x0000000000003090       0x38 c:/program files/stm32cubeide_1.11.0/stm32cubeide/plugins/com.st.stm32cube.ide.mcu.externaltools.gnu-tools-for-stm32.10.3-2021.10.win32_1.0.100.202210260954/tools/bin/../lib/gcc/arm-none-eabi/10.3.1/../../../../arm-none-eabi/lib/thumb/v7e-m+fp/hard\libc_nano.a(lib_a-nano-freer.o)