../Core/Src/bno055.c:11:6:bno055_setPage	16	static
../Core/Src/bno055.c:13:17:bno055_getOperationMode	16	static
../Core/Src/bno055.c:19:6:bno055_setOperationMode	16	static
../Core/Src/bno055.c:28:6:bno055_setOperationModeNDOF	8	static
../Core/Src/bno055.c:32:6:bno055_setExternalCrystalUse	24	static
../Core/Src/bno055.c:41:6:bno055_enableExternalCrystal	8	static
../Core/Src/bno055.c:42:6:bno055_disableExternalCrystal	8	static
../Core/Src/bno055.c:44:6:bno055_reset	8	static
../Core/Src/bno055.c:49:8:bno055_getTemp	16	static
../Core/Src/bno055.c:56:6:bno055_setup	16	static
../Core/Src/bno055.c:72:9:bno055_getSWRevision	16	static
../Core/Src/bno055.c:79:9:bno055_getBootloaderRevision	16	static
../Core/Src/bno055.c:86:9:bno055_getSystemStatus	16	static
../Core/Src/bno055.c:93:27:bno055_getSelfTestResult	24	static
../Core/Src/bno055.c:106:9:bno055_getSystemError	16	static
../Core/Src/bno055.c:113:28:bno055_getCalibrationState	24	static
../Core/Src/bno055.c:126:27:bno055_getCalibrationData	72	static
../Core/Src/bno055.c:148:6:bno055_setCalibrationData	32	static
../Core/Src/bno055.c:170:17:bno055_getVector	144	static
../Core/Src/bno055.c:183:17:bno055_getVectorEuler	88	static
../Core/Src/bno055.c:187:6:bno055_setAxisMap	24	static
