../Core/Src/driver_bmp390.c:116:16:a_bmp390_iic_spi_read	32	static
../Core/Src/driver_bmp390.c:154:16:a_bmp390_iic_spi_write	40	static
../Core/Src/driver_bmp390.c:195:16:a_bmp390_get_calibration_data	24	static
../Core/Src/driver_bmp390.c:308:16:a_bmp390_compensate_temperature	176	static
../Core/Src/driver_bmp390.c:338:16:a_bmp390_compensate_pressure	552	static
../Core/Src/driver_bmp390.c:387:9:bmp390_get_revision_id	24	static
../Core/Src/driver_bmp390.c:422:9:bmp390_get_error	24	static
../Core/Src/driver_bmp390.c:457:9:bmp390_get_status	24	static
../Core/Src/driver_bmp390.c:492:9:bmp390_get_sensortime	24	static
../Core/Src/driver_bmp390.c:529:9:bmp390_get_event	24	static
../Core/Src/driver_bmp390.c:566:9:bmp390_get_interrupt_status	24	static
../Core/Src/driver_bmp390.c:601:9:bmp390_get_fifo_length	24	static
../Core/Src/driver_bmp390.c:639:9:bmp390_get_fifo_data	32	static
../Core/Src/driver_bmp390.c:674:9:bmp390_set_fifo_watermark	24	static
../Core/Src/driver_bmp390.c:712:9:bmp390_get_fifo_watermark	24	static
../Core/Src/driver_bmp390.c:749:9:bmp390_set_fifo	24	static
../Core/Src/driver_bmp390.c:794:9:bmp390_get_fifo	24	static
../Core/Src/driver_bmp390.c:831:9:bmp390_set_fifo_stop_on_full	24	static
../Core/Src/driver_bmp390.c:876:9:bmp390_get_fifo_stop_on_full	24	static
../Core/Src/driver_bmp390.c:913:9:bmp390_set_fifo_sensortime_on	24	static
../Core/Src/driver_bmp390.c:958:9:bmp390_get_fifo_sensortime_on	24	static
../Core/Src/driver_bmp390.c:995:9:bmp390_set_fifo_pressure_on	24	static
../Core/Src/driver_bmp390.c:1040:9:bmp390_get_fifo_pressure_on	24	static
../Core/Src/driver_bmp390.c:1077:9:bmp390_set_fifo_temperature_on	24	static
../Core/Src/driver_bmp390.c:1122:9:bmp390_get_fifo_temperature_on	24	static
../Core/Src/driver_bmp390.c:1159:9:bmp390_set_fifo_subsampling	24	static
../Core/Src/driver_bmp390.c:1210:9:bmp390_get_fifo_subsampling	24	static
../Core/Src/driver_bmp390.c:1247:9:bmp390_set_fifo_data_source	24	static
../Core/Src/driver_bmp390.c:1292:9:bmp390_get_fifo_data_source	24	static
../Core/Src/driver_bmp390.c:1329:9:bmp390_set_interrupt_pin_type	24	static
../Core/Src/driver_bmp390.c:1374:9:bmp390_get_interrupt_pin_type	24	static
../Core/Src/driver_bmp390.c:1411:9:bmp390_set_interrupt_active_level	24	static
../Core/Src/driver_bmp390.c:1456:9:bmp390_get_interrupt_active_level	24	static
../Core/Src/driver_bmp390.c:1493:9:bmp390_set_latch_interrupt_pin_and_interrupt_status	24	static
../Core/Src/driver_bmp390.c:1538:9:bmp390_get_latch_interrupt_pin_and_interrupt_status	24	static
../Core/Src/driver_bmp390.c:1575:9:bmp390_set_interrupt_fifo_watermark	24	static
../Core/Src/driver_bmp390.c:1620:9:bmp390_get_interrupt_fifo_watermark	24	static
../Core/Src/driver_bmp390.c:1657:9:bmp390_set_interrupt_fifo_full	24	static
../Core/Src/driver_bmp390.c:1702:9:bmp390_get_interrupt_fifo_full	24	static
../Core/Src/driver_bmp390.c:1739:9:bmp390_set_interrupt_data_ready	24	static
../Core/Src/driver_bmp390.c:1784:9:bmp390_get_interrupt_data_ready	24	static
../Core/Src/driver_bmp390.c:1821:9:bmp390_set_spi_wire	24	static
../Core/Src/driver_bmp390.c:1866:9:bmp390_get_spi_wire	24	static
../Core/Src/driver_bmp390.c:1903:9:bmp390_set_iic_watchdog_timer	24	static
../Core/Src/driver_bmp390.c:1948:9:bmp390_get_iic_watchdog_timer	24	static
../Core/Src/driver_bmp390.c:1985:9:bmp390_set_iic_watchdog_period	24	static
../Core/Src/driver_bmp390.c:2030:9:bmp390_get_iic_watchdog_period	24	static
../Core/Src/driver_bmp390.c:2067:9:bmp390_set_pressure	24	static
../Core/Src/driver_bmp390.c:2112:9:bmp390_get_pressure	24	static
../Core/Src/driver_bmp390.c:2149:9:bmp390_set_temperature	24	static
../Core/Src/driver_bmp390.c:2194:9:bmp390_get_temperature	24	static
../Core/Src/driver_bmp390.c:2231:9:bmp390_set_mode	24	static
../Core/Src/driver_bmp390.c:2276:9:bmp390_get_mode	24	static
../Core/Src/driver_bmp390.c:2313:9:bmp390_set_pressure_oversampling	24	static
../Core/Src/driver_bmp390.c:2358:9:bmp390_get_pressure_oversampling	24	static
../Core/Src/driver_bmp390.c:2395:9:bmp390_set_temperature_oversampling	24	static
../Core/Src/driver_bmp390.c:2440:9:bmp390_get_temperature_oversampling	24	static
../Core/Src/driver_bmp390.c:2477:9:bmp390_set_odr	24	static
../Core/Src/driver_bmp390.c:2523:9:bmp390_get_odr	24	static
../Core/Src/driver_bmp390.c:2560:9:bmp390_set_filter_coefficient	24	static
../Core/Src/driver_bmp390.c:2606:9:bmp390_get_filter_coefficient	24	static
../Core/Src/driver_bmp390.c:2642:9:bmp390_flush_fifo	24	static
../Core/Src/driver_bmp390.c:2678:9:bmp390_softreset	24	static
../Core/Src/driver_bmp390.c:2714:16:a_bmp390_close	16	static
../Core/Src/driver_bmp390.c:2757:9:bmp390_init	24	static
../Core/Src/driver_bmp390.c:2903:9:bmp390_deinit	24	static
../Core/Src/driver_bmp390.c:2957:9:bmp390_read_temperature	56	static
../Core/Src/driver_bmp390.c:3109:9:bmp390_read_pressure	56	static
../Core/Src/driver_bmp390.c:3311:9:bmp390_read_temperature_pressure	72	static
../Core/Src/driver_bmp390.c:3516:9:bmp390_irq_handler	24	static
../Core/Src/driver_bmp390.c:3571:9:bmp390_set_addr_pin	16	static
../Core/Src/driver_bmp390.c:3592:9:bmp390_get_addr_pin	16	static
../Core/Src/driver_bmp390.c:3613:9:bmp390_set_interface	16	static
../Core/Src/driver_bmp390.c:3634:9:bmp390_get_interface	16	static
../Core/Src/driver_bmp390.c:3658:9:bmp390_read_fifo	32	static
../Core/Src/driver_bmp390.c:3728:9:bmp390_fifo_parse	40	static
../Core/Src/driver_bmp390.c:3836:9:bmp390_set_reg	16	static
../Core/Src/driver_bmp390.c:3862:9:bmp390_get_reg	24	static
../Core/Src/driver_bmp390.c:3884:9:bmp390_info	16	static
